Archive member included to satisfy reference by file (symbol)

app/libapp.a(main.c.obj)      (--whole-archive)
zephyr/libzephyr.a(getopt.c.obj)
                              (--whole-archive)
zephyr/libzephyr.a(getopt_common.c.obj)
                              (--whole-archive)
zephyr/libzephyr.a(heap.c.obj)
                              (--whole-archive)
zephyr/libzephyr.a(cbprintf_packaged.c.obj)
                              (--whole-archive)
zephyr/libzephyr.a(dec.c.obj)
                              (--whole-archive)
zephyr/libzephyr.a(hex.c.obj)
                              (--whole-archive)
zephyr/libzephyr.a(printk.c.obj)
                              (--whole-archive)
zephyr/libzephyr.a(rb.c.obj)  (--whole-archive)
zephyr/libzephyr.a(sem.c.obj)
                              (--whole-archive)
zephyr/libzephyr.a(thread_entry.c.obj)
                              (--whole-archive)
zephyr/libzephyr.a(timeutil.c.obj)
                              (--whole-archive)
zephyr/libzephyr.a(bitarray.c.obj)
                              (--whole-archive)
zephyr/libzephyr.a(cbprintf_complete.c.obj)
                              (--whole-archive)
zephyr/libzephyr.a(ring_buffer.c.obj)
                              (--whole-archive)
zephyr/libzephyr.a(assert.c.obj)
                              (--whole-archive)
zephyr/libzephyr.a(reboot.c.obj)
                              (--whole-archive)
zephyr/libzephyr.a(configs.c.obj)
                              (--whole-archive)
zephyr/libzephyr.a(soc.c.obj)
                              (--whole-archive)
zephyr/libzephyr.a(stm32cube_hal.c.obj)
                              (--whole-archive)
zephyr/libzephyr.a(soc_config.c.obj)
                              (--whole-archive)
zephyr/libzephyr.a(mem_attr.c.obj)
                              (--whole-archive)
zephyr/libzephyr.a(tracing_none.c.obj)
                              (--whole-archive)
zephyr/libzephyr.a(kernel_service.c.obj)
                              (--whole-archive)
zephyr/libzephyr.a(device_service.c.obj)
                              (--whole-archive)
zephyr/libzephyr.a(devmem_service.c.obj)
                              (--whole-archive)
zephyr/libzephyr.a(shell_uart.c.obj)
                              (--whole-archive)
zephyr/libzephyr.a(shell.c.obj)
                              (--whole-archive)
zephyr/libzephyr.a(shell_fprintf.c.obj)
                              (--whole-archive)
zephyr/libzephyr.a(shell_utils.c.obj)
                              (--whole-archive)
zephyr/libzephyr.a(shell_ops.c.obj)
                              (--whole-archive)
zephyr/libzephyr.a(shell_help.c.obj)
                              (--whole-archive)
zephyr/libzephyr.a(shell_cmds.c.obj)
                              (--whole-archive)
zephyr/libzephyr.a(shell_history.c.obj)
                              (--whole-archive)
zephyr/libzephyr.a(shell_wildcard.c.obj)
                              (--whole-archive)
zephyr/arch/common/libarch__common.a(sw_isr_common.c.obj)
                              (--whole-archive)
zephyr/arch/arch/arm/core/libarch__arm__core.a(fatal.c.obj)
                              (--whole-archive)
zephyr/arch/arch/arm/core/libarch__arm__core.a(nmi.c.obj)
                              (--whole-archive)
zephyr/arch/arch/arm/core/libarch__arm__core.a(nmi_on_reset.S.obj)
                              (--whole-archive)
zephyr/arch/arch/arm/core/libarch__arm__core.a(tls.c.obj)
                              (--whole-archive)
zephyr/arch/arch/arm/core/cortex_m/libarch__arm__core__cortex_m.a(exc_exit.S.obj)
                              (--whole-archive)
zephyr/arch/arch/arm/core/cortex_m/libarch__arm__core__cortex_m.a(fault.c.obj)
                              (--whole-archive)
zephyr/arch/arch/arm/core/cortex_m/libarch__arm__core__cortex_m.a(fault_s.S.obj)
                              (--whole-archive)
zephyr/arch/arch/arm/core/cortex_m/libarch__arm__core__cortex_m.a(fpu.c.obj)
                              (--whole-archive)
zephyr/arch/arch/arm/core/cortex_m/libarch__arm__core__cortex_m.a(reset.S.obj)
                              (--whole-archive)
zephyr/arch/arch/arm/core/cortex_m/libarch__arm__core__cortex_m.a(scb.c.obj)
                              (--whole-archive)
zephyr/arch/arch/arm/core/cortex_m/libarch__arm__core__cortex_m.a(thread_abort.c.obj)
                              (--whole-archive)
zephyr/arch/arch/arm/core/cortex_m/libarch__arm__core__cortex_m.a(vector_table.S.obj)
                              (--whole-archive)
zephyr/arch/arch/arm/core/cortex_m/libarch__arm__core__cortex_m.a(swap.c.obj)
                              (--whole-archive)
zephyr/arch/arch/arm/core/cortex_m/libarch__arm__core__cortex_m.a(swap_helper.S.obj)
                              (--whole-archive)
zephyr/arch/arch/arm/core/cortex_m/libarch__arm__core__cortex_m.a(irq_manage.c.obj)
                              (--whole-archive)
zephyr/arch/arch/arm/core/cortex_m/libarch__arm__core__cortex_m.a(prep_c.c.obj)
[...]
Memory Configuration

Name             Origin             Length             Attributes
FLASH            0x0000000008000000 0x0000000000080000 xr
RAM              0x0000000020000000 0x0000000000020000 xw
IDT_LIST         0x00000000fffff7ff 0x0000000000000800 xw
*default*        0x0000000000000000 0xffffffffffffffff

Linker script and memory map

                0x0000000008005ca4                vfprintf = __l_vfprintf
                0x0000000000000000                vfscanf = __l_vfscanf
LOAD zephyr/CMakeFiles/zephyr_final.dir/misc/empty_file.c.obj
LOAD zephyr/CMakeFiles/zephyr_final.dir/isr_tables.c.obj
LOAD zephyr/CMakeFiles/offsets.dir/./arch/arm/core/offsets/offsets.c.obj
LOAD app/libapp.a
LOAD zephyr/libzephyr.a
LOAD zephyr/arch/common/libarch__common.a
LOAD zephyr/arch/arch/arm/core/libarch__arm__core.a
LOAD zephyr/arch/arch/arm/core/cortex_m/libarch__arm__core__cortex_m.a
LOAD zephyr/arch/arch/arm/core/mpu/libarch__arm__core__mpu.a
LOAD zephyr/lib/libc/picolibc/liblib__libc__picolibc.a
LOAD zephyr/lib/libc/common/liblib__libc__common.a
LOAD zephyr/lib/posix/liblib__posix.a
LOAD zephyr/drivers/interrupt_controller/libdrivers__interrupt_controller.a
LOAD zephyr/drivers/clock_control/libdrivers__clock_control.a
LOAD zephyr/drivers/console/libdrivers__console.a
LOAD zephyr/drivers/gpio/libdrivers__gpio.a
LOAD zephyr/drivers/pinctrl/libdrivers__pinctrl.a
LOAD zephyr/drivers/reset/libdrivers__reset.a
LOAD zephyr/drivers/serial/libdrivers__serial.a
LOAD zephyr/drivers/timer/libdrivers__timer.a
LOAD modules/stm32/stm32cube/lib..__..__..__..__modules__hal__stm32__stm32cube.a
LOAD zephyr/kernel/libkernel.a
LOAD /home/menta/zephyr-sdk-0.16.4/arm-zephyr-eabi/bin/../lib/gcc/arm-zephyr-eabi/12.2.0/thumb/v7e-m/nofp/libgcc.a
LOAD zephyr/arch/common/libisr_tables.a
LOAD /home/menta/zephyr-sdk-0.16.4/arm-zephyr-eabi/bin/../lib/gcc/../../picolibc/arm-zephyr-eabi/lib/thumb/v7e-m/nofp/libc.a
LOAD /home/menta/zephyr-sdk-0.16.4/arm-zephyr-eabi/bin/../lib/gcc/arm-zephyr-eabi/12.2.0/thumb/v7e-m/nofp/libgcc.a
                0x0000000000000020                _region_min_align = 0x20

.rel.plt        0x0000000008000000        0x0
 *(SORT_BY_ALIGNMENT(.rel.plt))
                [!provide]                        PROVIDE (__rel_iplt_start = .)
 *(SORT_BY_ALIGNMENT(.rel.iplt))
 .rel.iplt      0x0000000008000000        0x0 zephyr/CMakeFiles/zephyr_final.dir/isr_tables.c.obj
                [!provide]                        PROVIDE (__rel_iplt_end = .)

.rela.plt       0x0000000000000000        0x0
 *(SORT_BY_ALIGNMENT(.rela.plt))
                [!provide]                        PROVIDE (__rela_iplt_start = .)
 *(SORT_BY_ALIGNMENT(.rela.iplt))
                [!provide]                        PROVIDE (__rela_iplt_end = .)

.rel.dyn
 *(SORT_BY_ALIGNMENT(.rel.*))

.rela.dyn
 *(SORT_BY_ALIGNMENT(.rela.*))

/DISCARD/
 *(SORT_BY_ALIGNMENT(.plt))

/DISCARD/
 *(SORT_BY_ALIGNMENT(.iplt))
                0x0000000008000000                __rom_region_start = 0x8000000

rom_start       0x0000000008000000      0x1d8
                0x0000000008000000                __rom_start_address = .
 FILL mask 0x00
                0x0000000008000000                . = (. + (0x0 - (. - __rom_start_address)))
                0x0000000008000000                . = ALIGN (0x4)
                0x0000000008000000                . = ALIGN (0x80)
                0x0000000008000000                . = ALIGN (0x200)
                0x0000000008000000                _vector_start = .
 *(SORT_BY_ALIGNMENT(.exc_vector_table))
 *(SORT_BY_ALIGNMENT(.exc_vector_table.*))
 .exc_vector_table._vector_table_section
                0x0000000008000000       0x40 zephyr/arch/arch/arm/core/cortex_m/libarch__arm__core__cortex_m.a(vector_table.S.obj)
                0x0000000008000000                _vector_table
 *(SORT_BY_ALIGNMENT(.vectors))
                0x00000000080001d8                _vector_end = .
                0x0000000008000040                . = ALIGN (0x4)
 *(SORT_BY_ALIGNMENT(.gnu.linkonce.irq_vector_table*))
 .gnu.linkonce.irq_vector_table
                0x0000000008000040      0x198 zephyr/CMakeFiles/zephyr_final.dir/isr_tables.c.obj
                0x0000000008000040                _irq_vector_table
                0x00000000080001d8                _vector_end = .

text            0x00000000080001d8     0x87b4
                0x00000000080001d8                __text_region_start = .
 *(SORT_BY_ALIGNMENT(.text))
 .text          0x00000000080001d8       0xa0 /home/menta/zephyr-sdk-0.16.4/arm-zephyr-eabi/bin/../lib/gcc/arm-zephyr-eabi/12.2.0/thumb/v7e-m/nofp/libgcc.a(_aeabi_ldivmod.o)
                0x00000000080001d8                __aeabi_ldivmod
 .text          0x0000000008000278       0x30 /home/menta/zephyr-sdk-0.16.4/arm-zephyr-eabi/bin/../lib/gcc/arm-zephyr-eabi/12.2.0/thumb/v7e-m/nofp/libgcc.a(_aeabi_uldivmod.o)
                0x0000000008000278                __aeabi_uldivmod
 .text          0x00000000080002a8        0x4 /home/menta/zephyr-sdk-0.16.4/arm-zephyr-eabi/bin/../lib/gcc/arm-zephyr-eabi/12.2.0/thumb/v7e-m/nofp/libgcc.a(_dvmd_tls.o)
                0x00000000080002a8                __aeabi_ldiv0
                0x00000000080002a8                __aeabi_idiv0
 .text          0x00000000080002ac      0x2a0 /home/menta/zephyr-sdk-0.16.4/arm-zephyr-eabi/bin/../lib/gcc/arm-zephyr-eabi/12.2.0/thumb/v7e-m/nofp/libgcc.a(_udivmoddi4.o)
                0x00000000080002ac                __udivmoddi4
 .text          0x000000000800054c       0x14 /home/menta/zephyr-sdk-0.16.4/arm-zephyr-eabi/bin/../lib/gcc/../../picolibc/arm-zephyr-eabi/lib/thumb/v7e-m/nofp/libc.a(strcmp.S.o)
                0x000000000800054c                strcmp
 .text          0x0000000008000560       0x10 /home/menta/zephyr-sdk-0.16.4/arm-zephyr-eabi/bin/../lib/gcc/../../picolibc/arm-zephyr-eabi/lib/thumb/v7e-m/nofp/libc.a(strcpy.S.o)
                0x0000000008000560                strcpy
 .text          0x0000000008000570       0x10 /home/menta/zephyr-sdk-0.16.4/arm-zephyr-eabi/bin/../lib/gcc/../../picolibc/arm-zephyr-eabi/lib/thumb/v7e-m/nofp/libc.a(strlen.S.o)
                0x0000000008000570                strlen
 *(SORT_BY_ALIGNMENT(.text.*))
 .text.cmd_kernel_uptime
                0x0000000008000580       0xe8 zephyr/libzephyr.a(kernel_service.c.obj)
 .text.blinky_expired_handler
                0x0000000008000668        0xc app/libapp.a(main.c.obj)
                0x0000000008000668                blinky_expired_handler
 .text.button_pressed_cb
                0x0000000008000674       0x10 app/libapp.a(main.c.obj)
                0x0000000008000674                button_pressed_cb
 .text.print_thread_info
                0x0000000008000684       0x10 app/libapp.a(main.c.obj)
                0x0000000008000684                print_thread_info
 .text.cmd_tasks
                0x0000000008000694       0x20 app/libapp.a(main.c.obj)
 .text.keyboard_work_fn
                0x00000000080006b4       0x40 app/libapp.a(main.c.obj)
                0x00000000080006b4                keyboard_work_fn
 .text.blinky_work_fn
                0x00000000080006f4       0x10 app/libapp.a(main.c.obj)
                0x00000000080006f4                blinky_work_fn
 .text.keyboard_use
                0x0000000008000704       0x90 app/libapp.a(main.c.obj)
                0x0000000008000704                keyboard_use
 .text.cmd_stack
                0x0000000008000794       0x34 app/libapp.a(main.c.obj)
 .text.main     0x00000000080007c8       0x2c app/libapp.a(main.c.obj)
                0x00000000080007c8                main
 .text.getopt   0x00000000080007f4       0xf8 zephyr/libzephyr.a(getopt.c.obj)
                0x00000000080007f4                getopt
 .text.z_getopt_global_state_update
                0x00000000080008ec       0x34 zephyr/libzephyr.a(getopt_common.c.obj)
                0x00000000080008ec                z_getopt_global_state_update
 .text.getopt_state_get
                0x0000000008000920        0x8 zephyr/libzephyr.a(getopt_common.c.obj)
                0x0000000008000920                getopt_state_get
 .text.char_out
                0x0000000008000928        0xc zephyr/libzephyr.a(printk.c.obj)
 .text.__printk_hook_install
                0x0000000008000934        0xc zephyr/libzephyr.a(printk.c.obj)
                0x0000000008000934                __printk_hook_install
 .text.vprintk  0x0000000008000940       0x30 zephyr/libzephyr.a(printk.c.obj)
                0x0000000008000940                vprintk
 .text.z_thread_entry
                0x0000000008000970       0x34 zephyr/libzephyr.a(thread_entry.c.obj)
                0x0000000008000970                z_thread_entry
 .text.sys_reboot
                0x00000000080009a4       0x30 zephyr/libzephyr.a(reboot.c.obj)
                0x00000000080009a4                sys_reboot
 .text.stm32g4_init
                0x00000000080009d4       0x4c zephyr/libzephyr.a(soc.c.obj)
 .text.st_stm32_common_config
                0x0000000008000a20       0x14 zephyr/libzephyr.a(soc_config.c.obj)
 .text.mem_attr_get_regions
                0x0000000008000a34        0xc zephyr/libzephyr.a(mem_attr.c.obj)
                0x0000000008000a34                mem_attr_get_regions
 .text.cmd_kernel_version
                0x0000000008000a40       0x2c zephyr/libzephyr.a(kernel_service.c.obj)
 .text.cmd_kernel_threads
                0x0000000008000a6c       0x38 zephyr/libzephyr.a(kernel_service.c.obj)
 .text.shell_tdata_dump
                0x0000000008000aa4       0xd0 zephyr/libzephyr.a(kernel_service.c.obj)
 .text.cmd_kernel_stacks
                0x0000000008000b74       0x74 zephyr/libzephyr.a(kernel_service.c.obj)
 .text.cmd_kernel_cycles
                0x0000000008000be8       0x1c zephyr/libzephyr.a(kernel_service.c.obj)
 .text.cmd_kernel_sleep
                0x0000000008000c04       0x40 zephyr/libzephyr.a(kernel_service.c.obj)
 .text.shell_stack_dump
                0x0000000008000c44       0x64 zephyr/libzephyr.a(kernel_service.c.obj)
 .text.cmd_device_list
                0x0000000008000ca8       0x8c zephyr/libzephyr.a(device_service.c.obj)
 .text.cmd_devmem
                0x0000000008000d34       0xcc zephyr/libzephyr.a(devmem_service.c.obj)
 .text.cmd_dump
                0x0000000008000e00      0x190 zephyr/libzephyr.a(devmem_service.c.obj)
 .text.set_bypass.isra.0
                0x0000000008000f90       0x50 zephyr/libzephyr.a(devmem_service.c.obj)
 .text.bypass_cb
                0x0000000008000fe0      0x118 zephyr/libzephyr.a(devmem_service.c.obj)
 .text.cmd_load
                0x00000000080010f8       0xd8 zephyr/libzephyr.a(devmem_service.c.obj)
 .text.enable_shell_uart
                0x00000000080011d0       0x34 zephyr/libzephyr.a(shell_uart.c.obj)
 .text.init     0x0000000008001204       0x60 zephyr/libzephyr.a(shell_uart.c.obj)
 .text.shell_internal_help_print
                0x0000000008001264       0x20 zephyr/libzephyr.a(shell.c.obj)
 .text.kill_handler
                0x0000000008001284       0x50 zephyr/libzephyr.a(shell.c.obj)
 .text.z_cursor_next_line_move.isra.0
                0x00000000080012d4        0xc zephyr/libzephyr.a(shell.c.obj)
 .text.history_handle
                0x00000000080012e0       0xa8 zephyr/libzephyr.a(shell.c.obj)
 .text.execute  0x0000000008001388      0x2c0 zephyr/libzephyr.a(shell.c.obj)
 .text.state_set.constprop.0
                0x0000000008001648       0x4c zephyr/libzephyr.a(shell.c.obj)
 .text.shell_process
                0x0000000008001694      0x6c8 zephyr/libzephyr.a(shell.c.obj)
                0x0000000008001694                shell_process
 .text.shell_init
                0x0000000008001d5c       0xf8 zephyr/libzephyr.a(shell.c.obj)
                0x0000000008001d5c                shell_init
 .text.shell_start
                0x0000000008001e54       0x54 zephyr/libzephyr.a(shell.c.obj)
                0x0000000008001e54                shell_start
 .text.shell_thread
                0x0000000008001ea8       0xa0 zephyr/libzephyr.a(shell.c.obj)
                0x0000000008001ea8                shell_thread
 .text.cmd_help
                0x0000000008001f48       0x4c zephyr/libzephyr.a(shell.c.obj)
 .text.shell_hexdump_line
                0x0000000008001f94       0xe8 zephyr/libzephyr.a(shell.c.obj)
                0x0000000008001f94                shell_hexdump_line
 .text.z_shell_fprintf_fmt
                0x000000000800207c       0x28 zephyr/libzephyr.a(shell_fprintf.c.obj)
                0x000000000800207c                z_shell_fprintf_fmt
 .text.z_shell_make_argv
                0x00000000080020a4      0x1b8 zephyr/libzephyr.a(shell_utils.c.obj)
                0x00000000080020a4                z_shell_make_argv
 .text.z_shell_cmd_get
                0x000000000800225c       0x74 zephyr/libzephyr.a(shell_utils.c.obj)
                0x000000000800225c                z_shell_cmd_get
 .text.z_shell_spaces_trim
                0x00000000080022d0       0x6c zephyr/libzephyr.a(shell_utils.c.obj)
                0x00000000080022d0                z_shell_spaces_trim
 .text.z_shell_cmd_trim
                0x000000000800233c       0x70 zephyr/libzephyr.a(shell_utils.c.obj)
                0x000000000800233c                z_shell_cmd_trim
 .text.shell_strtoul
                0x00000000080023ac       0x54 zephyr/libzephyr.a(shell_utils.c.obj)
                0x00000000080023ac                shell_strtoul
 .text.z_clear_eos
                0x0000000008002400       0x18 zephyr/libzephyr.a(shell_ops.c.obj)
 .text.z_cursor_next_line_move.isra.0
                0x0000000008002418        0xc zephyr/libzephyr.a(shell_ops.c.obj)
 .text.z_shell_op_cursor_vert_move
                0x0000000008002424       0x2c zephyr/libzephyr.a(shell_ops.c.obj)
                0x0000000008002424                z_shell_op_cursor_vert_move
 .text.z_shell_op_cursor_horiz_move
                0x0000000008002450       0x2c zephyr/libzephyr.a(shell_ops.c.obj)
                0x0000000008002450                z_shell_op_cursor_horiz_move
 .text.z_shell_op_cursor_word_move
                0x000000000800247c       0x78 zephyr/libzephyr.a(shell_ops.c.obj)
                0x000000000800247c                z_shell_op_cursor_word_move
 .text.z_shell_print_cmd
                0x00000000080024f4       0x78 zephyr/libzephyr.a(shell_ops.c.obj)
                0x00000000080024f4                z_shell_print_cmd
 .text.z_shell_vt100_color_set
                0x000000000800256c       0x40 zephyr/libzephyr.a(shell_ops.c.obj)
                0x000000000800256c                z_shell_vt100_color_set
 .text.z_shell_vt100_colors_restore
                0x00000000080025ac       0x3c zephyr/libzephyr.a(shell_ops.c.obj)
                0x00000000080025ac                z_shell_vt100_colors_restore
 .text.z_shell_op_word_remove
                0x00000000080025e8       0xc0 zephyr/libzephyr.a(shell_ops.c.obj)
                0x00000000080025e8                z_shell_op_word_remove
 .text.reprint_from_cursor
                0x00000000080026a8       0x74 zephyr/libzephyr.a(shell_ops.c.obj)
 .text.z_shell_op_char_insert
                0x000000000800271c       0x6c zephyr/libzephyr.a(shell_ops.c.obj)
                0x000000000800271c                z_shell_op_char_insert
 .text.z_shell_print_prompt_and_cmd
                0x0000000008002788       0x30 zephyr/libzephyr.a(shell_ops.c.obj)
                0x0000000008002788                z_shell_print_prompt_and_cmd
 .text.z_cursor_next_line_move.isra.0
                0x00000000080027b8        0xc zephyr/libzephyr.a(shell_help.c.obj)
 .text.formatted_text_print.constprop.0
                0x00000000080027c4       0xe4 zephyr/libzephyr.a(shell_help.c.obj)
 .text.z_shell_help_subcmd_print
                0x00000000080028a8       0xb4 zephyr/libzephyr.a(shell_help.c.obj)
                0x00000000080028a8                z_shell_help_subcmd_print
 .text.z_shell_help_cmd_print
                0x000000000800295c       0x40 zephyr/libzephyr.a(shell_help.c.obj)
                0x000000000800295c                z_shell_help_cmd_print
 .text.z_shell_help_request
                0x000000000800299c       0x28 zephyr/libzephyr.a(shell_help.c.obj)
                0x000000000800299c                z_shell_help_request
 .text.cmd_resize_default
                0x00000000080029c4       0x2c zephyr/libzephyr.a(shell_cmds.c.obj)
 .text.cmd_shell_stats_show
                0x00000000080029f0       0x18 zephyr/libzephyr.a(shell_cmds.c.obj)
 .text.cmd_backends
                0x0000000008002a08       0x54 zephyr/libzephyr.a(shell_cmds.c.obj)
 .text.cmd_prompt_off
                0x0000000008002a5c       0x10 zephyr/libzephyr.a(shell_cmds.c.obj)
 .text.cmd_history
                0x0000000008002a6c       0x44 zephyr/libzephyr.a(shell_cmds.c.obj)
 .text.cmd_get_retval
                0x0000000008002ab0       0x1c zephyr/libzephyr.a(shell_cmds.c.obj)
 .text.cmd_echo
                0x0000000008002acc       0x58 zephyr/libzephyr.a(shell_cmds.c.obj)
 .text.cmd_clear
                0x0000000008002b24       0x34 zephyr/libzephyr.a(shell_cmds.c.obj)
 .text.cmd_resize
                0x0000000008002b58      0x1a8 zephyr/libzephyr.a(shell_cmds.c.obj)
 .text.z_shell_wildcard_process
                0x0000000008002d00       0xe4 zephyr/libzephyr.a(shell_wildcard.c.obj)
                0x0000000008002d00                z_shell_wildcard_process
 .text.z_arm_nmi
                0x0000000008002de4       0x14 zephyr/arch/arch/arm/core/libarch__arm__core.a(nmi.c.obj)
                0x0000000008002de4                z_arm_nmi
 .text.z_SysNmiOnReset
                0x0000000008002df8        0x8 zephyr/arch/arch/arm/core/libarch__arm__core.a(nmi_on_reset.S.obj)
                0x0000000008002df8                z_SysNmiOnReset
 .text.arch_tls_stack_setup
                0x0000000008002e00       0x60 zephyr/arch/arch/arm/core/libarch__arm__core.a(tls.c.obj)
                0x0000000008002e00                arch_tls_stack_setup
 .text._HandlerModeExit
                0x0000000008002e60       0x1c zephyr/arch/arch/arm/core/cortex_m/libarch__arm__core__cortex_m.a(exc_exit.S.obj)
                0x0000000008002e60                z_arm_exc_exit
                0x0000000008002e60                z_arm_int_exit
 .text.mem_manage_fault
                0x0000000008002e7c       0xa0 zephyr/arch/arch/arm/core/cortex_m/libarch__arm__core__cortex_m.a(fault.c.obj)
 .text.usage_fault.constprop.0
                0x0000000008002f1c       0x54 zephyr/arch/arch/arm/core/cortex_m/libarch__arm__core__cortex_m.a(fault.c.obj)
 .text.bus_fault.constprop.0
                0x0000000008002f70       0x6c zephyr/arch/arch/arm/core/cortex_m/libarch__arm__core__cortex_m.a(fault.c.obj)
 .text.z_arm_fault
                0x0000000008002fdc      0x128 zephyr/arch/arch/arm/core/cortex_m/libarch__arm__core__cortex_m.a(fault.c.obj)
                0x0000000008002fdc                z_arm_fault
 .text.z_arm_fault_init
                0x0000000008003104       0x10 zephyr/arch/arch/arm/core/cortex_m/libarch__arm__core__cortex_m.a(fault.c.obj)
                0x0000000008003104                z_arm_fault_init
 .text.__fault  0x0000000008003114       0x14 zephyr/arch/arch/arm/core/cortex_m/libarch__arm__core__cortex_m.a(fault_s.S.obj)
                0x0000000008003114                z_arm_bus_fault
                0x0000000008003114                z_arm_usage_fault
                0x0000000008003114                z_arm_mpu_fault
                0x0000000008003114                z_arm_exc_spurious
                0x0000000008003114                z_arm_debug_monitor
                0x0000000008003114                z_arm_hard_fault
 .text._reset_section
                0x0000000008003128       0x38 zephyr/arch/arch/arm/core/cortex_m/libarch__arm__core__cortex_m.a(reset.S.obj)
                0x0000000008003128                z_arm_reset
                0x0000000008003128                __start
 .text.sys_arch_reboot
                0x0000000008003160       0x24 zephyr/arch/arch/arm/core/cortex_m/libarch__arm__core__cortex_m.a(scb.c.obj)
                0x0000000008003160                sys_arch_reboot
 .text.z_impl_k_thread_abort
                0x0000000008003184       0x2c zephyr/arch/arch/arm/core/cortex_m/libarch__arm__core__cortex_m.a(thread_abort.c.obj)
                0x0000000008003184                z_impl_k_thread_abort
 .text.arch_swap
                0x00000000080031b0       0x34 zephyr/arch/arch/arm/core/cortex_m/libarch__arm__core__cortex_m.a(swap.c.obj)
                0x00000000080031b0                arch_swap
 .text.z_arm_pendsv
                0x00000000080031e4       0x68 zephyr/arch/arch/arm/core/cortex_m/libarch__arm__core__cortex_m.a(swap_helper.S.obj)
                0x00000000080031e4                z_arm_pendsv
 .text.z_arm_svc
                0x000000000800324c       0x20 zephyr/arch/arch/arm/core/cortex_m/libarch__arm__core__cortex_m.a(swap_helper.S.obj)
                0x000000000800324c                z_arm_svc
 .text.arch_irq_enable
                0x000000000800326c       0x1c zephyr/arch/arch/arm/core/cortex_m/libarch__arm__core__cortex_m.a(irq_manage.c.obj)
                0x000000000800326c                arch_irq_enable
 .text.z_arm_irq_priority_set
                0x0000000008003288       0x30 zephyr/arch/arch/arm/core/cortex_m/libarch__arm__core__cortex_m.a(irq_manage.c.obj)
                0x0000000008003288                z_arm_irq_priority_set
 .text.z_prep_c
                0x00000000080032b8       0x48 zephyr/arch/arch/arm/core/cortex_m/libarch__arm__core__cortex_m.a(prep_c.c.obj)
                0x00000000080032b8                z_prep_c
 .text.arch_new_thread
                0x0000000008003300       0x38 zephyr/arch/arch/arm/core/cortex_m/libarch__arm__core__cortex_m.a(thread.c.obj)
                0x0000000008003300                arch_new_thread
 .text.z_check_thread_stack_fail
                0x0000000008003338       0x30 zephyr/arch/arch/arm/core/cortex_m/libarch__arm__core__cortex_m.a(thread.c.obj)
                0x0000000008003338                z_check_thread_stack_fail
 .text.arch_switch_to_main_thread
                0x0000000008003368       0x38 zephyr/arch/arch/arm/core/cortex_m/libarch__arm__core__cortex_m.a(thread.c.obj)
                0x0000000008003368                arch_switch_to_main_thread
 .text.z_arm_cpu_idle_init
                0x00000000080033a0        0xc zephyr/arch/arch/arm/core/cortex_m/libarch__arm__core__cortex_m.a(cpu_idle.S.obj)
                0x00000000080033a0                z_arm_cpu_idle_init
 .text.arch_cpu_idle
                0x00000000080033ac       0x1c zephyr/arch/arch/arm/core/cortex_m/libarch__arm__core__cortex_m.a(cpu_idle.S.obj)
                0x00000000080033ac                arch_cpu_idle
 .text.z_arm_interrupt_init
                0x00000000080033c8       0x18 zephyr/arch/arch/arm/core/cortex_m/libarch__arm__core__cortex_m.a(irq_init.c.obj)
                0x00000000080033c8                z_arm_interrupt_init
 .text._isr_wrapper
                0x00000000080033e0       0x28 zephyr/arch/arch/arm/core/cortex_m/libarch__arm__core__cortex_m.a(isr_wrapper.S.obj)
                0x00000000080033e0                _isr_wrapper
 .text.z_arm_configure_static_mpu_regions
                0x0000000008003408       0x18 zephyr/arch/arch/arm/core/mpu/libarch__arm__core__mpu.a(arm_core_mpu.c.obj)
                0x0000000008003408                z_arm_configure_static_mpu_regions
 .text.z_arm_configure_dynamic_mpu_regions
                0x0000000008003420       0x24 zephyr/arch/arch/arm/core/mpu/libarch__arm__core__mpu.a(arm_core_mpu.c.obj)
                0x0000000008003420                z_arm_configure_dynamic_mpu_regions
 .text.region_init
                0x0000000008003444       0x28 zephyr/arch/arch/arm/core/mpu/libarch__arm__core__mpu.a(arm_mpu.c.obj)
 .text.mpu_configure_regions
                0x000000000800346c       0x6c zephyr/arch/arch/arm/core/mpu/libarch__arm__core__mpu.a(arm_mpu.c.obj)
 .text.arm_core_mpu_enable
                0x00000000080034d8       0x18 zephyr/arch/arch/arm/core/mpu/libarch__arm__core__mpu.a(arm_mpu.c.obj)
                0x00000000080034d8                arm_core_mpu_enable
 .text.arm_core_mpu_disable
                0x00000000080034f0       0x14 zephyr/arch/arch/arm/core/mpu/libarch__arm__core__mpu.a(arm_mpu.c.obj)
                0x00000000080034f0                arm_core_mpu_disable
 .text.arm_core_mpu_configure_static_mpu_regions
                0x0000000008003504       0x14 zephyr/arch/arch/arm/core/mpu/libarch__arm__core__mpu.a(arm_mpu.c.obj)
                0x0000000008003504                arm_core_mpu_configure_static_mpu_regions
 .text.arm_core_mpu_configure_dynamic_mpu_regions
                0x0000000008003518       0x38 zephyr/arch/arch/arm/core/mpu/libarch__arm__core__mpu.a(arm_mpu.c.obj)
                0x0000000008003518                arm_core_mpu_configure_dynamic_mpu_regions
 .text.z_arm_mpu_init
                0x0000000008003550      0x144 zephyr/arch/arch/arm/core/mpu/libarch__arm__core__mpu.a(arm_mpu.c.obj)
                0x0000000008003550                z_arm_mpu_init
 .text.z_impl_zephyr_fputc
                0x0000000008003694       0x10 zephyr/lib/libc/picolibc/liblib__libc__picolibc.a(libc-hooks.c.obj)
                0x0000000008003694                z_impl_zephyr_fputc
 .text.__stdout_hook_install
                0x00000000080036a4       0x18 zephyr/lib/libc/picolibc/liblib__libc__picolibc.a(libc-hooks.c.obj)
                0x00000000080036a4                __stdout_hook_install
 .text.cbvprintf
                0x00000000080036bc       0x38 zephyr/lib/libc/picolibc/liblib__libc__picolibc.a(libc-hooks.c.obj)
                0x00000000080036bc                cbvprintf
 .text.malloc_prepare
                0x00000000080036f4       0x24 zephyr/lib/libc/common/liblib__libc__common.a(malloc.c.obj)
 .text.foldcase
                0x0000000008003718       0x18 zephyr/lib/posix/liblib__posix.a(fnmatch.c.obj)
 .text.stm32_exti_isr
                0x0000000008003730       0x4c zephyr/drivers/interrupt_controller/libdrivers__interrupt_controller.a(intc_exti_stm32.c.obj)
 .text.stm32_fill_irq_table
                0x000000000800377c       0x18 zephyr/drivers/interrupt_controller/libdrivers__interrupt_controller.a(intc_exti_stm32.c.obj)
 .text.stm32_exti_enable
                0x0000000008003794       0x24 zephyr/drivers/interrupt_controller/libdrivers__interrupt_controller.a(intc_exti_stm32.c.obj)
                0x0000000008003794                stm32_exti_enable
 .text.stm32_exti_disable
                0x00000000080037b8       0x18 zephyr/drivers/interrupt_controller/libdrivers__interrupt_controller.a(intc_exti_stm32.c.obj)
                0x00000000080037b8                stm32_exti_disable
 .text.stm32_exti_trigger
                0x00000000080037d0       0x60 zephyr/drivers/interrupt_controller/libdrivers__interrupt_controller.a(intc_exti_stm32.c.obj)
                0x00000000080037d0                stm32_exti_trigger
 .text.stm32_exti_set_callback
                0x0000000008003830       0x30 zephyr/drivers/interrupt_controller/libdrivers__interrupt_controller.a(intc_exti_stm32.c.obj)
                0x0000000008003830                stm32_exti_set_callback
 .text.stm32_exti_unset_callback
                0x0000000008003860       0x14 zephyr/drivers/interrupt_controller/libdrivers__interrupt_controller.a(intc_exti_stm32.c.obj)
                0x0000000008003860                stm32_exti_unset_callback
 .text.stm32_clock_control_get_subsys_rate
                0x0000000008003874       0x94 zephyr/drivers/clock_control/libdrivers__clock_control.a(clock_stm32_ll_common.c.obj)
 .text.stm32_clock_control_init
                0x0000000008003908      0x13c zephyr/drivers/clock_control/libdrivers__clock_control.a(clock_stm32_ll_common.c.obj)
                0x0000000008003908                stm32_clock_control_init
 .text.get_pllsrc_frequency
                0x0000000008003a44        0x8 zephyr/drivers/clock_control/libdrivers__clock_control.a(clock_stm32g4.c.obj)
                0x0000000008003a44                get_pllsrc_frequency
 .text.config_pll_sysclock
                0x0000000008003a4c       0x34 zephyr/drivers/clock_control/libdrivers__clock_control.a(clock_stm32g4.c.obj)
                0x0000000008003a4c                config_pll_sysclock
 .text.config_enable_default_clocks
                0x0000000008003a80       0x20 zephyr/drivers/clock_control/libdrivers__clock_control.a(clock_stm32g4.c.obj)
                0x0000000008003a80                config_enable_default_clocks
 .text.uart_console_init
                0x0000000008003aa0       0x28 zephyr/drivers/console/libdrivers__console.a(uart_console.c.obj)
 .text.console_out
                0x0000000008003ac8       0x28 zephyr/drivers/console/libdrivers__console.a(uart_console.c.obj)
 .text.gpio_stm32_init
                0x0000000008003af0       0x30 zephyr/drivers/gpio/libdrivers__gpio.a(gpio_stm32.c.obj)
 .text.gpio_stm32_pin_interrupt_configure
                0x0000000008003b20      0x110 zephyr/drivers/gpio/libdrivers__gpio.a(gpio_stm32.c.obj)
 .text.pinctrl_configure_pins
                0x0000000008003c30       0x84 zephyr/drivers/pinctrl/libdrivers__pinctrl.a(pinctrl_stm32.c.obj)
                0x0000000008003c30                pinctrl_configure_pins
 .text.uart_stm32_cfg2ll_stopbits
                0x0000000008003cb4       0x38 zephyr/drivers/serial/libdrivers__serial.a(uart_stm32.c.obj)
 .text.uart_stm32_irq_err_enable
                0x0000000008003cec       0x64 zephyr/drivers/serial/libdrivers__serial.a(uart_stm32.c.obj)
 .text.uart_stm32_irq_err_disable
                0x0000000008003d50       0x64 zephyr/drivers/serial/libdrivers__serial.a(uart_stm32.c.obj)
 .text.lpuartdiv_calc
                0x0000000008003db4       0x30 zephyr/drivers/serial/libdrivers__serial.a(uart_stm32.c.obj)
                0x0000000008003db4                lpuartdiv_calc
 .text.uart_stm32_set_baudrate
                0x0000000008003de4       0xbc zephyr/drivers/serial/libdrivers__serial.a(uart_stm32.c.obj)
 .text.uart_stm32_configure
                0x0000000008003ea0      0x108 zephyr/drivers/serial/libdrivers__serial.a(uart_stm32.c.obj)
 .text.uart_stm32_init
                0x0000000008003fa8      0x16c zephyr/drivers/serial/libdrivers__serial.a(uart_stm32.c.obj)
 .text.elapsed  0x0000000008004114       0x4c zephyr/drivers/timer/libdrivers__timer.a(cortex_m_systick.c.obj)
 .text.sys_clock_driver_init
                0x0000000008004160       0x38 zephyr/drivers/timer/libdrivers__timer.a(cortex_m_systick.c.obj)
 .text.sys_clock_isr
                0x0000000008004198       0x54 zephyr/drivers/timer/libdrivers__timer.a(cortex_m_systick.c.obj)
                0x0000000008004198                sys_clock_isr
 .text.sys_clock_set_timeout
                0x00000000080041ec       0xfc zephyr/drivers/timer/libdrivers__timer.a(cortex_m_systick.c.obj)
                0x00000000080041ec                sys_clock_set_timeout
 .text.sys_clock_elapsed
                0x00000000080042e8       0x3c zephyr/drivers/timer/libdrivers__timer.a(cortex_m_systick.c.obj)
                0x00000000080042e8                sys_clock_elapsed
 .text.sys_clock_cycle_get_32
                0x0000000008004324       0x2c zephyr/drivers/timer/libdrivers__timer.a(cortex_m_systick.c.obj)
                0x0000000008004324                sys_clock_cycle_get_32
 .text.HAL_RCC_GetSysClockFreq
                0x0000000008004350       0x6c modules/stm32/stm32cube/lib..__..__..__..__modules__hal__stm32__stm32cube.a(stm32g4xx_hal_rcc.c.obj)
                0x0000000008004350                HAL_RCC_GetSysClockFreq
 .text.LL_SetFlashLatency
                0x00000000080043bc       0xcc modules/stm32/stm32cube/lib..__..__..__..__modules__hal__stm32__stm32cube.a(stm32g4xx_ll_utils.c.obj)
                0x00000000080043bc                LL_SetFlashLatency
 .text.z_device_get_all_static
                0x0000000008004488       0x18 zephyr/kernel/libkernel.a(device.c.obj)
                0x0000000008004488                z_device_get_all_static
 .text.z_fatal_error
                0x00000000080044a0       0x30 zephyr/kernel/libkernel.a(fatal.c.obj)
                0x00000000080044a0                z_fatal_error
 .text.z_sys_init_run_level
                0x00000000080044d0       0x48 zephyr/kernel/libkernel.a(init.c.obj)
 .text.bg_thread_main
                0x0000000008004518       0x34 zephyr/kernel/libkernel.a(init.c.obj)
 .text.z_bss_zero
                0x000000000800454c       0x18 zephyr/kernel/libkernel.a(init.c.obj)
                0x000000000800454c                z_bss_zero
 .text.z_init_cpu
                0x0000000008004564       0x94 zephyr/kernel/libkernel.a(init.c.obj)
                0x0000000008004564                z_init_cpu
 .text.z_cstart
                0x00000000080045f8       0xdc zephyr/kernel/libkernel.a(init.c.obj)
                0x00000000080045f8                z_cstart
 .text.k_thread_foreach
                0x00000000080046d4       0x34 zephyr/kernel/libkernel.a(thread.c.obj)
                0x00000000080046d4                k_thread_foreach
 .text.z_thread_monitor_exit
                0x0000000008004708       0x3c zephyr/kernel/libkernel.a(thread.c.obj)
                0x0000000008004708                z_thread_monitor_exit
 .text.z_impl_k_thread_name_set
                0x0000000008004744       0x20 zephyr/kernel/libkernel.a(thread.c.obj)
                0x0000000008004744                z_impl_k_thread_name_set
 .text.k_thread_state_str
                0x0000000008004764       0x90 zephyr/kernel/libkernel.a(thread.c.obj)
                0x0000000008004764                k_thread_state_str
 .text.z_setup_new_thread
                0x00000000080047f4       0xe0 zephyr/kernel/libkernel.a(thread.c.obj)
                0x00000000080047f4                z_setup_new_thread
 .text.z_impl_k_thread_create
                0x00000000080048d4       0x58 zephyr/kernel/libkernel.a(thread.c.obj)
                0x00000000080048d4                z_impl_k_thread_create
 .text.z_init_static_threads
                0x000000000800492c       0x98 zephyr/kernel/libkernel.a(thread.c.obj)
                0x000000000800492c                z_init_static_threads
 .text.sys_kernel_version_get
                0x00000000080049c4        0x8 zephyr/kernel/libkernel.a(version.c.obj)
                0x00000000080049c4                sys_kernel_version_get
 .text.sliceable
                0x00000000080049cc       0x3c zephyr/kernel/libkernel.a(sched.c.obj)
 .text.slice_timeout
                0x0000000008004a08       0x20 zephyr/kernel/libkernel.a(sched.c.obj)
 .text.z_reset_time_slice
                0x0000000008004a28       0x50 zephyr/kernel/libkernel.a(sched.c.obj)
                0x0000000008004a28                z_reset_time_slice
 .text.update_cache
                0x0000000008004a78       0x3c zephyr/kernel/libkernel.a(sched.c.obj)
 .text.move_thread_to_end_of_prio_q
                0x0000000008004ab4       0x74 zephyr/kernel/libkernel.a(sched.c.obj)
 .text.ready_thread
                0x0000000008004b28       0x68 zephyr/kernel/libkernel.a(sched.c.obj)
 .text.unready_thread
                0x0000000008004b90       0x30 zephyr/kernel/libkernel.a(sched.c.obj)
 .text.pend_locked
                0x0000000008004bc0       0x30 zephyr/kernel/libkernel.a(sched.c.obj)
 .text.z_thread_halt
                0x0000000008004bf0       0xac zephyr/kernel/libkernel.a(sched.c.obj)
 .text.z_time_slice
                0x0000000008004c9c       0x60 zephyr/kernel/libkernel.a(sched.c.obj)
                0x0000000008004c9c                z_time_slice
 .text.z_pend_curr
                0x0000000008004cfc       0x3c zephyr/kernel/libkernel.a(sched.c.obj)
                0x0000000008004cfc                z_pend_curr
 .text.z_set_prio
                0x0000000008004d38       0x8c zephyr/kernel/libkernel.a(sched.c.obj)
                0x0000000008004d38                z_set_prio
 .text.z_reschedule
                0x0000000008004dc4       0x24 zephyr/kernel/libkernel.a(sched.c.obj)
                0x0000000008004dc4                z_reschedule
 .text.z_sched_start
                0x0000000008004de8       0x3c zephyr/kernel/libkernel.a(sched.c.obj)
                0x0000000008004de8                z_sched_start
 .text.k_sched_lock
                0x0000000008004e24       0x28 zephyr/kernel/libkernel.a(sched.c.obj)
                0x0000000008004e24                k_sched_lock
 .text.k_sched_unlock
                0x0000000008004e4c       0x38 zephyr/kernel/libkernel.a(sched.c.obj)
                0x0000000008004e4c                k_sched_unlock
 .text.z_sched_init
                0x0000000008004e84       0x10 zephyr/kernel/libkernel.a(sched.c.obj)
                0x0000000008004e84                z_sched_init
 .text.z_impl_k_yield
                0x0000000008004e94       0x7c zephyr/kernel/libkernel.a(sched.c.obj)
                0x0000000008004e94                z_impl_k_yield
 .text.z_tick_sleep
                0x0000000008004f10       0x88 zephyr/kernel/libkernel.a(sched.c.obj)
 .text.z_impl_k_sleep
                0x0000000008004f98       0x3c zephyr/kernel/libkernel.a(sched.c.obj)
                0x0000000008004f98                z_impl_k_sleep
 .text.z_impl_k_sched_current_thread_query
                0x0000000008004fd4        0xc zephyr/kernel/libkernel.a(sched.c.obj)
                0x0000000008004fd4                z_impl_k_sched_current_thread_query
 .text.z_sched_wait
                0x0000000008004fe0       0x24 zephyr/kernel/libkernel.a(sched.c.obj)
                0x0000000008004fe0                z_sched_wait
 .text.z_impl_k_mutex_unlock
                0x0000000008005004       0x7c zephyr/kernel/libkernel.a(mutex.c.obj)
                0x0000000008005004                z_impl_k_mutex_unlock
 .text.z_impl_k_mutex_lock
                0x0000000008005080       0xf4 zephyr/kernel/libkernel.a(mutex.c.obj)
                0x0000000008005080                z_impl_k_mutex_lock
 .text.z_impl_k_queue_get
                0x0000000008005174       0x68 zephyr/kernel/libkernel.a(queue.c.obj)
                0x0000000008005174                z_impl_k_queue_get
 .text.z_impl_k_sem_give
                0x00000000080051dc       0x4c zephyr/kernel/libkernel.a(sem.c.obj)
                0x00000000080051dc                z_impl_k_sem_give
 .text.work_queue_main
                0x0000000008005228      0x138 zephyr/kernel/libkernel.a(work.c.obj)
 .text.submit_to_queue_locked
                0x0000000008005360       0xb4 zephyr/kernel/libkernel.a(work.c.obj)
 .text.k_work_submit
                0x0000000008005414        0xc zephyr/kernel/libkernel.a(work.c.obj)
                0x0000000008005414                k_work_submit
 .text.k_work_queue_start
                0x0000000008005420       0x70 zephyr/kernel/libkernel.a(work.c.obj)
                0x0000000008005420                k_work_queue_start
 .text.k_work_schedule_for_queue
                0x0000000008005490       0x54 zephyr/kernel/libkernel.a(work.c.obj)
                0x0000000008005490                k_work_schedule_for_queue
 .text.k_work_schedule
                0x00000000080054e4        0xc zephyr/kernel/libkernel.a(work.c.obj)
                0x00000000080054e4                k_work_schedule
 .text.z_data_copy
                0x00000000080054f0       0x34 zephyr/kernel/libkernel.a(xip.c.obj)
                0x00000000080054f0                z_data_copy
 .text.elapsed  0x0000000008005524       0x14 zephyr/kernel/libkernel.a(timeout.c.obj)
 .text.next_timeout
                0x0000000008005538       0x40 zephyr/kernel/libkernel.a(timeout.c.obj)
 .text.remove_timeout
                0x0000000008005578       0x38 zephyr/kernel/libkernel.a(timeout.c.obj)
 .text.z_add_timeout
                0x00000000080055b0       0xec zephyr/kernel/libkernel.a(timeout.c.obj)
                0x00000000080055b0                z_add_timeout
 .text.sys_clock_announce
                0x000000000800569c       0xd4 zephyr/kernel/libkernel.a(timeout.c.obj)
                0x000000000800569c                sys_clock_announce
 .text.sys_clock_tick_get
                0x0000000008005770       0x34 zephyr/kernel/libkernel.a(timeout.c.obj)
                0x0000000008005770                sys_clock_tick_get
 .text.z_timer_expiration_handler
                0x00000000080057a4       0xe4 zephyr/kernel/libkernel.a(timer.c.obj)
                0x00000000080057a4                z_timer_expiration_handler
 .text.z_impl_k_timer_start
                0x0000000008005888       0x74 zephyr/kernel/libkernel.a(timer.c.obj)
                0x0000000008005888                z_impl_k_timer_start
 .text.z_impl_k_poll
                0x00000000080058fc       0xb8 zephyr/kernel/libkernel.a(poll.c.obj)
                0x00000000080058fc                z_impl_k_poll
 .text.z_impl_k_poll_signal_raise
                0x00000000080059b4       0x50 zephyr/kernel/libkernel.a(poll.c.obj)
                0x00000000080059b4                z_impl_k_poll_signal_raise
 .text.k_thread_system_pool_assign
                0x0000000008005a04        0xc zephyr/kernel/libkernel.a(mempool.c.obj)
                0x0000000008005a04                k_thread_system_pool_assign
 .text.z_thread_aligned_alloc
                0x0000000008005a10       0x30 zephyr/kernel/libkernel.a(mempool.c.obj)
                0x0000000008005a10                z_thread_aligned_alloc
 .text.boot_banner
                0x0000000008005a40        0xc zephyr/kernel/libkernel.a(banner.c.obj)
                0x0000000008005a40                boot_banner
 .text.statics_init
                0x0000000008005a4c       0x24 zephyr/kernel/libkernel.a(kheap.c.obj)
 .text.k_sys_work_q_init
                0x0000000008005a70       0x34 zephyr/kernel/libkernel.a(system_work_q.c.obj)
 .text.snprintf
                0x0000000008005aa4       0x58 /home/menta/zephyr-sdk-0.16.4/arm-zephyr-eabi/bin/../lib/gcc/../../picolibc/arm-zephyr-eabi/lib/thumb/v7e-m/nofp/libc.a(libc_tinystdio_snprintf.c.o)
                0x0000000008005aa4                snprintf
 .text.strtol   0x0000000008005afc       0xe0 /home/menta/zephyr-sdk-0.16.4/arm-zephyr-eabi/bin/../lib/gcc/../../picolibc/arm-zephyr-eabi/lib/thumb/v7e-m/nofp/libc.a(libc_tinystdio_strtol.c.o)
                0x0000000008005afc                strtol
 .text.strtoul  0x0000000008005bdc       0xc8 /home/menta/zephyr-sdk-0.16.4/arm-zephyr-eabi/bin/../lib/gcc/../../picolibc/arm-zephyr-eabi/lib/thumb/v7e-m/nofp/libc.a(libc_tinystdio_strtoul.c.o)
                0x0000000008005bdc                strtoul
 .text.__l_vfprintf
                0x0000000008005ca4      0x4ac /home/menta/zephyr-sdk-0.16.4/arm-zephyr-eabi/bin/../lib/gcc/../../picolibc/arm-zephyr-eabi/lib/thumb/v7e-m/nofp/libc.a(libc_tinystdio_vflprintf.c.o)
                0x0000000008005ca4                __l_vfprintf
 .text._OffsetAbsSyms
                0x0000000008006150        0x2 zephyr/CMakeFiles/offsets.dir/./arch/arm/core/offsets/offsets.c.obj
                0x0000000008006150                _OffsetAbsSyms
 .text.gpio_pin_configure_dt.isra.0
                0x0000000008006152       0x3e app/libapp.a(main.c.obj)
 .text.chunk_size
                0x0000000008006190        0xa zephyr/libzephyr.a(heap.c.obj)
 .text.free_list_add
                0x000000000800619a       0x4e zephyr/libzephyr.a(heap.c.obj)
 .text.free_list_remove_bidx
                0x00000000080061e8       0x3a zephyr/libzephyr.a(heap.c.obj)
 .text.free_list_remove
                0x0000000008006222       0x1a zephyr/libzephyr.a(heap.c.obj)
 .text.alloc_chunk
                0x000000000800623c       0x6e zephyr/libzephyr.a(heap.c.obj)
 .text.merge_chunks
                0x00000000080062aa       0x2c zephyr/libzephyr.a(heap.c.obj)
 .text.split_chunks
                0x00000000080062d6       0x34 zephyr/libzephyr.a(heap.c.obj)
 .text.free_chunk
                0x000000000800630a       0x62 zephyr/libzephyr.a(heap.c.obj)
 .text.sys_heap_free
                0x000000000800636c       0x1e zephyr/libzephyr.a(heap.c.obj)
                0x000000000800636c                sys_heap_free
 .text.sys_heap_alloc
                0x000000000800638a       0x52 zephyr/libzephyr.a(heap.c.obj)
                0x000000000800638a                sys_heap_alloc
 .text.sys_heap_aligned_alloc
                0x00000000080063dc       0xd0 zephyr/libzephyr.a(heap.c.obj)
                0x00000000080063dc                sys_heap_aligned_alloc
 .text.sys_heap_init
                0x00000000080064ac       0x7a zephyr/libzephyr.a(heap.c.obj)
                0x00000000080064ac                sys_heap_init
 .text.arch_printk_char_out
                0x0000000008006526        0x4 zephyr/libzephyr.a(printk.c.obj)
                0x0000000008006526                arch_printk_char_out
 .text.printk   0x000000000800652a       0x1a zephyr/libzephyr.a(printk.c.obj)
                0x000000000800652a                printk
 .text.ring_buf_put_claim
                0x0000000008006544       0x3e zephyr/libzephyr.a(ring_buffer.c.obj)
                0x0000000008006544                ring_buf_put_claim
 .text.ring_buf_put_finish
                0x0000000008006582       0x2a zephyr/libzephyr.a(ring_buffer.c.obj)
                0x0000000008006582                ring_buf_put_finish
 .text.ring_buf_put
                0x00000000080065ac       0x3e zephyr/libzephyr.a(ring_buffer.c.obj)
                0x00000000080065ac                ring_buf_put
 .text.ring_buf_get_claim
                0x00000000080065ea       0x40 zephyr/libzephyr.a(ring_buffer.c.obj)
                0x00000000080065ea                ring_buf_get_claim
 .text.ring_buf_get_finish
                0x000000000800662a       0x2a zephyr/libzephyr.a(ring_buffer.c.obj)
                0x000000000800662a                ring_buf_get_finish
 .text.ring_buf_get
                0x0000000008006654       0x40 zephyr/libzephyr.a(ring_buffer.c.obj)
                0x0000000008006654                ring_buf_get
 .text._ConfigAbsSyms
                0x0000000008006694        0x2 zephyr/libzephyr.a(configs.c.obj)
                0x0000000008006694                _ConfigAbsSyms
 .text.cmd_kernel_reboot_warm
                0x0000000008006696        0x8 zephyr/libzephyr.a(kernel_service.c.obj)
 .text.cmd_kernel_reboot_cold
                0x000000000800669e        0x8 zephyr/libzephyr.a(kernel_service.c.obj)
 .text.uart_irq_tx_disable
                0x00000000080066a6        0xa zephyr/libzephyr.a(shell_uart.c.obj)
 .text.enable   0x00000000080066b0       0x12 zephyr/libzephyr.a(shell_uart.c.obj)
 .text.read     0x00000000080066c2       0x12 zephyr/libzephyr.a(shell_uart.c.obj)
 .text.uninit   0x00000000080066d4       0x20 zephyr/libzephyr.a(shell_uart.c.obj)
 .text.write    0x00000000080066f4       0x6c zephyr/libzephyr.a(shell_uart.c.obj)
 .text.uart_callback
                0x0000000008006760       0xe2 zephyr/libzephyr.a(shell_uart.c.obj)
 .text.cmd_buffer_clear
                0x0000000008006842       0x12 zephyr/libzephyr.a(shell.c.obj)
 .text.atomic_or
                0x0000000008006854       0x1e zephyr/libzephyr.a(shell.c.obj)
 .text.atomic_and
                0x0000000008006872       0x1e zephyr/libzephyr.a(shell.c.obj)
 .text.shell_signal_handle
                0x0000000008006890       0x2c zephyr/libzephyr.a(shell.c.obj)
 .text.z_shell_strlen
                0x00000000080068bc        0xc zephyr/libzephyr.a(shell.c.obj)
 .text.z_shell_raw_fprintf
                0x00000000080068c8       0x1a zephyr/libzephyr.a(shell.c.obj)
 .text.k_mutex_lock.constprop.0.isra.0
                0x00000000080068e2        0x4 zephyr/libzephyr.a(shell.c.obj)
 .text.transport_evt_handler
                0x00000000080068e6       0x14 zephyr/libzephyr.a(shell.c.obj)
 .text.z_flag_cmd_ctx_set.isra.0
                0x00000000080068fa       0x16 zephyr/libzephyr.a(shell.c.obj)
 .text.z_flag_history_exit_set.isra.0
                0x0000000008006910       0x14 zephyr/libzephyr.a(shell.c.obj)
 .text.z_flag_insert_mode_set.isra.0
                0x0000000008006924       0x1e zephyr/libzephyr.a(shell.c.obj)
 .text.k_mutex_unlock.isra.0
                0x0000000008006942        0x4 zephyr/libzephyr.a(shell.c.obj)
 .text.shell_vfprintf
                0x0000000008006946       0x8a zephyr/libzephyr.a(shell.c.obj)
                0x0000000008006946                shell_vfprintf
 .text.shell_fprintf
                0x00000000080069d0       0x1a zephyr/libzephyr.a(shell.c.obj)
                0x00000000080069d0                shell_fprintf
 .text.shell_prompt_change
                0x00000000080069ea       0x20 zephyr/libzephyr.a(shell.c.obj)
                0x00000000080069ea                shell_prompt_change
 .text.shell_get_return_value
                0x0000000008006a0a       0x10 zephyr/libzephyr.a(shell.c.obj)
                0x0000000008006a0a                shell_get_return_value
 .text.shell_set_bypass
                0x0000000008006a1a        0xc zephyr/libzephyr.a(shell.c.obj)
                0x0000000008006a1a                shell_set_bypass
 .text.z_shell_fprintf_buffer_flush
                0x0000000008006a26       0x18 zephyr/libzephyr.a(shell_fprintf.c.obj)
                0x0000000008006a26                z_shell_fprintf_buffer_flush
 .text.out_func
                0x0000000008006a3e       0x3c zephyr/libzephyr.a(shell_fprintf.c.obj)
 .text.z_shell_strlen
                0x0000000008006a7a        0xc zephyr/libzephyr.a(shell_utils.c.obj)
 .text.z_column_span_with_buffer_offsets_get
                0x0000000008006a86       0x1e zephyr/libzephyr.a(shell_utils.c.obj)
                0x0000000008006a86                z_column_span_with_buffer_offsets_get
 .text.z_row_span_with_buffer_offsets_get
                0x0000000008006aa4       0x16 zephyr/libzephyr.a(shell_utils.c.obj)
                0x0000000008006aa4                z_row_span_with_buffer_offsets_get
 .text.z_shell_multiline_data_calc
                0x0000000008006aba       0x2c zephyr/libzephyr.a(shell_utils.c.obj)
                0x0000000008006aba                z_shell_multiline_data_calc
 .text.z_shell_pattern_remove
                0x0000000008006ae6       0x4e zephyr/libzephyr.a(shell_utils.c.obj)
                0x0000000008006ae6                z_shell_pattern_remove
 .text.z_shell_find_cmd
                0x0000000008006b34       0x56 zephyr/libzephyr.a(shell_utils.c.obj)
                0x0000000008006b34                z_shell_find_cmd
 .text.z_shell_get_last_command
                0x0000000008006b8a       0x5c zephyr/libzephyr.a(shell_utils.c.obj)
                0x0000000008006b8a                z_shell_get_last_command
 .text.z_shell_raw_fprintf
                0x0000000008006be6       0x1a zephyr/libzephyr.a(shell_ops.c.obj)
 .text.full_line_cmd.isra.0
                0x0000000008006c00       0x24 zephyr/libzephyr.a(shell_ops.c.obj)
 .text.z_shell_cursor_in_empty_line
                0x0000000008006c24       0x2e zephyr/libzephyr.a(shell_ops.c.obj)
                0x0000000008006c24                z_shell_cursor_in_empty_line
 .text.z_shell_op_cond_next_line
                0x0000000008006c52       0x1e zephyr/libzephyr.a(shell_ops.c.obj)
                0x0000000008006c52                z_shell_op_cond_next_line
 .text.z_shell_op_cursor_position_synchronize
                0x0000000008006c70       0x46 zephyr/libzephyr.a(shell_ops.c.obj)
                0x0000000008006c70                z_shell_op_cursor_position_synchronize
 .text.z_shell_op_cursor_move
                0x0000000008006cb6       0x48 zephyr/libzephyr.a(shell_ops.c.obj)
                0x0000000008006cb6                z_shell_op_cursor_move
 .text.z_shell_op_cursor_home_move
                0x0000000008006cfe        0xc zephyr/libzephyr.a(shell_ops.c.obj)
                0x0000000008006cfe                z_shell_op_cursor_home_move
 .text.z_shell_op_cursor_end_move
                0x0000000008006d0a        0xe zephyr/libzephyr.a(shell_ops.c.obj)
                0x0000000008006d0a                z_shell_op_cursor_end_move
 .text.z_shell_op_left_arrow
                0x0000000008006d18       0x10 zephyr/libzephyr.a(shell_ops.c.obj)
                0x0000000008006d18                z_shell_op_left_arrow
 .text.z_shell_op_right_arrow
                0x0000000008006d28       0x12 zephyr/libzephyr.a(shell_ops.c.obj)
                0x0000000008006d28                z_shell_op_right_arrow
 .text.z_shell_op_delete_from_cursor
                0x0000000008006d3a       0x16 zephyr/libzephyr.a(shell_ops.c.obj)
                0x0000000008006d3a                z_shell_op_delete_from_cursor
 .text.z_shell_cmd_line_erase
                0x0000000008006d50       0x34 zephyr/libzephyr.a(shell_ops.c.obj)
                0x0000000008006d50                z_shell_cmd_line_erase
 .text.z_shell_write
                0x0000000008006d84       0x88 zephyr/libzephyr.a(shell_ops.c.obj)
                0x0000000008006d84                z_shell_write
 .text.z_shell_print_stream
                0x0000000008006e0c        0x4 zephyr/libzephyr.a(shell_ops.c.obj)
                0x0000000008006e0c                z_shell_print_stream
 .text.z_shell_vfprintf
                0x0000000008006e10       0x4a zephyr/libzephyr.a(shell_ops.c.obj)
                0x0000000008006e10                z_shell_vfprintf
 .text.z_shell_fprintf
                0x0000000008006e5a       0x1a zephyr/libzephyr.a(shell_ops.c.obj)
                0x0000000008006e5a                z_shell_fprintf
 .text.data_insert
                0x0000000008006e74       0x66 zephyr/libzephyr.a(shell_ops.c.obj)
 .text.z_shell_op_completion_insert
                0x0000000008006eda        0x4 zephyr/libzephyr.a(shell_ops.c.obj)
                0x0000000008006eda                z_shell_op_completion_insert
 .text.z_shell_op_char_delete
                0x0000000008006ede       0x36 zephyr/libzephyr.a(shell_ops.c.obj)
                0x0000000008006ede                z_shell_op_char_delete
 .text.z_shell_op_char_backspace
                0x0000000008006f14       0x22 zephyr/libzephyr.a(shell_ops.c.obj)
                0x0000000008006f14                z_shell_op_char_backspace
 .text.z_shell_raw_fprintf
                0x0000000008006f36       0x1a zephyr/libzephyr.a(shell_help.c.obj)
 .text.cmd_comment
                0x0000000008006f50        0x4 zephyr/libzephyr.a(shell_cmds.c.obj)
 .text.cmd_shell_stats_reset
                0x0000000008006f54        0x8 zephyr/libzephyr.a(shell_cmds.c.obj)
 .text.z_shell_raw_fprintf
                0x0000000008006f5c       0x1a zephyr/libzephyr.a(shell_cmds.c.obj)
 .text.cmd_prompt_on
                0x0000000008006f76        0xc zephyr/libzephyr.a(shell_cmds.c.obj)
 .text.cmd_vt100_off
                0x0000000008006f82       0x22 zephyr/libzephyr.a(shell_cmds.c.obj)
 .text.cmd_bacskpace_mode_delete
                0x0000000008006fa4       0x22 zephyr/libzephyr.a(shell_cmds.c.obj)
 .text.cmd_colors_off
                0x0000000008006fc6       0x22 zephyr/libzephyr.a(shell_cmds.c.obj)
 .text.cmd_bacskpace_mode_backspace
                0x0000000008006fe8       0x22 zephyr/libzephyr.a(shell_cmds.c.obj)
 .text.cmd_echo_off
                0x000000000800700a       0x22 zephyr/libzephyr.a(shell_cmds.c.obj)
 .text.cmd_colors_on
                0x000000000800702c       0x22 zephyr/libzephyr.a(shell_cmds.c.obj)
 .text.cmd_vt100_on
                0x000000000800704e       0x22 zephyr/libzephyr.a(shell_cmds.c.obj)
 .text.cmd_echo_on
                0x0000000008007070       0x22 zephyr/libzephyr.a(shell_cmds.c.obj)
 .text.remove_from_tail.part.0
                0x0000000008007092       0x24 zephyr/libzephyr.a(shell_history.c.obj)
 .text.z_shell_history_mode_exit
                0x00000000080070b6        0x6 zephyr/libzephyr.a(shell_history.c.obj)
                0x00000000080070b6                z_shell_history_mode_exit
 .text.z_shell_history_get
                0x00000000080070bc       0x56 zephyr/libzephyr.a(shell_history.c.obj)
                0x00000000080070bc                z_shell_history_get
 .text.z_shell_history_purge
                0x0000000008007112       0x18 zephyr/libzephyr.a(shell_history.c.obj)
                0x0000000008007112                z_shell_history_purge
 .text.z_shell_history_put
                0x000000000800712a       0xd0 zephyr/libzephyr.a(shell_history.c.obj)
                0x000000000800712a                z_shell_history_put
 .text.z_shell_history_init
                0x00000000080071fa        0xc zephyr/libzephyr.a(shell_history.c.obj)
                0x00000000080071fa                z_shell_history_init
 .text.z_shell_has_wildcard
                0x0000000008007206       0x28 zephyr/libzephyr.a(shell_wildcard.c.obj)
                0x0000000008007206                z_shell_has_wildcard
 .text.z_shell_wildcard_prepare
                0x000000000800722e       0x40 zephyr/libzephyr.a(shell_wildcard.c.obj)
                0x000000000800722e                z_shell_wildcard_prepare
 .text.z_shell_wildcard_finalize
                0x000000000800726e       0x1e zephyr/libzephyr.a(shell_wildcard.c.obj)
                0x000000000800726e                z_shell_wildcard_finalize
 .text.z_arm_fatal_error
                0x000000000800728c        0x4 zephyr/arch/arch/arm/core/libarch__arm__core.a(fatal.c.obj)
                0x000000000800728c                z_arm_fatal_error
 .text.z_do_kernel_oops
                0x0000000008007290        0x8 zephyr/arch/arch/arm/core/libarch__arm__core.a(fatal.c.obj)
                0x0000000008007290                z_do_kernel_oops
 .text.z_irq_spurious
                0x0000000008007298        0x8 zephyr/arch/arch/arm/core/cortex_m/libarch__arm__core__cortex_m.a(irq_manage.c.obj)
                0x0000000008007298                z_irq_spurious
 .text.size_to_mpu_rasr_size
                0x00000000080072a0       0x20 zephyr/arch/arch/arm/core/mpu/libarch__arm__core__mpu.a(arm_mpu.c.obj)
 .text.cbputc   0x00000000080072c0        0xc zephyr/lib/libc/picolibc/liblib__libc__picolibc.a(libc-hooks.c.obj)
 .text.picolibc_put
                0x00000000080072cc        0xa zephyr/lib/libc/picolibc/liblib__libc__picolibc.a(libc-hooks.c.obj)
 .text.fnmatchx
                0x00000000080072d6      0x23c zephyr/lib/posix/liblib__posix.a(fnmatch.c.obj)
 .text.fnmatch  0x0000000008007512        0x6 zephyr/lib/posix/liblib__posix.a(fnmatch.c.obj)
                0x0000000008007512                fnmatch
 .text.stm32_exti_init
                0x0000000008007518       0x92 zephyr/drivers/interrupt_controller/libdrivers__interrupt_controller.a(intc_exti_stm32.c.obj)
 .text.stm32_clock_control_on
                0x00000000080075aa       0x24 zephyr/drivers/clock_control/libdrivers__clock_control.a(clock_stm32_ll_common.c.obj)
 .text.stm32_clock_control_off
                0x00000000080075ce       0x24 zephyr/drivers/clock_control/libdrivers__clock_control.a(clock_stm32_ll_common.c.obj)
 .text.stm32_clock_control_configure
                0x00000000080075f2       0x5c zephyr/drivers/clock_control/libdrivers__clock_control.a(clock_stm32_ll_common.c.obj)
 .text.stm32_clock_control_get_status
                0x000000000800764e       0x36 zephyr/drivers/clock_control/libdrivers__clock_control.a(clock_stm32_ll_common.c.obj)
 .text.gpio_stm32_port_get_raw
                0x0000000008007684        0xc zephyr/drivers/gpio/libdrivers__gpio.a(gpio_stm32.c.obj)
 .text.gpio_stm32_port_set_masked_raw
                0x0000000008007690       0x12 zephyr/drivers/gpio/libdrivers__gpio.a(gpio_stm32.c.obj)
 .text.gpio_stm32_port_set_bits_raw
                0x00000000080076a2        0xa zephyr/drivers/gpio/libdrivers__gpio.a(gpio_stm32.c.obj)
 .text.gpio_stm32_port_clear_bits_raw
                0x00000000080076ac        0xa zephyr/drivers/gpio/libdrivers__gpio.a(gpio_stm32.c.obj)
 .text.gpio_stm32_port_toggle_bits
                0x00000000080076b6        0xe zephyr/drivers/gpio/libdrivers__gpio.a(gpio_stm32.c.obj)
 .text.gpio_stm32_manage_callback
                0x00000000080076c4       0x52 zephyr/drivers/gpio/libdrivers__gpio.a(gpio_stm32.c.obj)
 .text.gpio_stm32_configure_raw.isra.0
                0x0000000008007716      0x106 zephyr/drivers/gpio/libdrivers__gpio.a(gpio_stm32.c.obj)
 .text.gpio_stm32_config
                0x000000000800781c       0x72 zephyr/drivers/gpio/libdrivers__gpio.a(gpio_stm32.c.obj)
 .text.gpio_stm32_isr
                0x000000000800788e       0x2e zephyr/drivers/gpio/libdrivers__gpio.a(gpio_stm32.c.obj)
 .text.gpio_stm32_configure
                0x00000000080078bc       0x2a zephyr/drivers/gpio/libdrivers__gpio.a(gpio_stm32.c.obj)
                0x00000000080078bc                gpio_stm32_configure
 .text.pinctrl_lookup_state
                0x00000000080078e6       0x26 zephyr/drivers/pinctrl/libdrivers__pinctrl.a(common.c.obj)
                0x00000000080078e6                pinctrl_lookup_state
 .text.reset_stm32_status
                0x000000000800790c       0x20 zephyr/drivers/reset/libdrivers__reset.a(reset_stm32.c.obj)
 .text.reset_stm32_line_assert
                0x000000000800792c       0x1c zephyr/drivers/reset/libdrivers__reset.a(reset_stm32.c.obj)
 .text.reset_stm32_line_deassert
                0x0000000008007948       0x1e zephyr/drivers/reset/libdrivers__reset.a(reset_stm32.c.obj)
 .text.reset_stm32_line_toggle
                0x0000000008007966       0x16 zephyr/drivers/reset/libdrivers__reset.a(reset_stm32.c.obj)
 .text.uart_stm32_ll2cfg_databits
                0x000000000800797c       0x2a zephyr/drivers/serial/libdrivers__serial.a(uart_stm32.c.obj)
 .text.uart_stm32_err_check
                0x00000000080079a6       0x62 zephyr/drivers/serial/libdrivers__serial.a(uart_stm32.c.obj)
 .text.uart_stm32_irq_tx_enable
                0x0000000008007a08       0x16 zephyr/drivers/serial/libdrivers__serial.a(uart_stm32.c.obj)
 .text.uart_stm32_irq_tx_disable
                0x0000000008007a1e       0x16 zephyr/drivers/serial/libdrivers__serial.a(uart_stm32.c.obj)
 .text.uart_stm32_irq_rx_enable
                0x0000000008007a34       0x16 zephyr/drivers/serial/libdrivers__serial.a(uart_stm32.c.obj)
 .text.uart_stm32_irq_rx_disable
                0x0000000008007a4a       0x16 zephyr/drivers/serial/libdrivers__serial.a(uart_stm32.c.obj)
 .text.uart_stm32_irq_rx_ready
                0x0000000008007a60        0xc zephyr/drivers/serial/libdrivers__serial.a(uart_stm32.c.obj)
 .text.uart_stm32_irq_update
                0x0000000008007a6c        0x4 zephyr/drivers/serial/libdrivers__serial.a(uart_stm32.c.obj)
 .text.uart_stm32_irq_callback_set
                0x0000000008007a70        0x8 zephyr/drivers/serial/libdrivers__serial.a(uart_stm32.c.obj)
 .text.uart_stm32_isr
                0x0000000008007a78        0xc zephyr/drivers/serial/libdrivers__serial.a(uart_stm32.c.obj)
 .text.uart_stm32_irq_config_func_0
                0x0000000008007a84       0x16 zephyr/drivers/serial/libdrivers__serial.a(uart_stm32.c.obj)
 .text.uart_stm32_irq_config_func_1
                0x0000000008007a9a       0x16 zephyr/drivers/serial/libdrivers__serial.a(uart_stm32.c.obj)
 .text.uart_stm32_irq_tx_complete
                0x0000000008007ab0        0xc zephyr/drivers/serial/libdrivers__serial.a(uart_stm32.c.obj)
 .text.uart_stm32_irq_tx_ready
                0x0000000008007abc       0x14 zephyr/drivers/serial/libdrivers__serial.a(uart_stm32.c.obj)
 .text.uart_stm32_config_get
                0x0000000008007ad0       0x92 zephyr/drivers/serial/libdrivers__serial.a(uart_stm32.c.obj)
 .text.uart_stm32_fifo_fill
                0x0000000008007b62       0x64 zephyr/drivers/serial/libdrivers__serial.a(uart_stm32.c.obj)
 .text.uart_stm32_poll_out
                0x0000000008007bc6       0x3a zephyr/drivers/serial/libdrivers__serial.a(uart_stm32.c.obj)
 .text.uart_stm32_irq_is_pending
                0x0000000008007c00       0x24 zephyr/drivers/serial/libdrivers__serial.a(uart_stm32.c.obj)
 .text.uart_stm32_fifo_read
                0x0000000008007c24       0x4c zephyr/drivers/serial/libdrivers__serial.a(uart_stm32.c.obj)
 .text.uart_stm32_poll_in
                0x0000000008007c70       0x22 zephyr/drivers/serial/libdrivers__serial.a(uart_stm32.c.obj)
 .text.uart_stm32_parameters_set
                0x0000000008007c92      0x136 zephyr/drivers/serial/libdrivers__serial.a(uart_stm32.c.obj)
 .text.sys_clock_disable
                0x0000000008007dc8        0xe zephyr/drivers/timer/libdrivers__timer.a(cortex_m_systick.c.obj)
                0x0000000008007dc8                sys_clock_disable
 .text.z_impl_k_busy_wait
                0x0000000008007dd6       0x1c zephyr/kernel/libkernel.a(busy_wait.c.obj)
                0x0000000008007dd6                z_impl_k_busy_wait
 .text.z_device_state_init
                0x0000000008007df2        0x2 zephyr/kernel/libkernel.a(device.c.obj)
                0x0000000008007df2                z_device_state_init
 .text.z_device_is_ready
                0x0000000008007df4       0x16 zephyr/kernel/libkernel.a(device.c.obj)
                0x0000000008007df4                z_device_is_ready
 .text.arch_system_halt
                0x0000000008007e0a       0x12 zephyr/kernel/libkernel.a(fatal.c.obj)
                0x0000000008007e0a                arch_system_halt
 .text.k_sys_fatal_error_handler
                0x0000000008007e1c        0x6 zephyr/kernel/libkernel.a(fatal.c.obj)
                0x0000000008007e1c                k_sys_fatal_error_handler
 .text.z_early_memset
                0x0000000008007e22        0x4 zephyr/kernel/libkernel.a(init.c.obj)
                0x0000000008007e22                z_early_memset
 .text.z_early_memcpy
                0x0000000008007e26        0x4 zephyr/kernel/libkernel.a(init.c.obj)
                0x0000000008007e26                z_early_memcpy
 .text.k_is_in_isr
                0x0000000008007e2a        0xc zephyr/kernel/libkernel.a(thread.c.obj)
                0x0000000008007e2a                k_is_in_isr
 .text.k_thread_name_get
                0x0000000008007e36        0x4 zephyr/kernel/libkernel.a(thread.c.obj)
                0x0000000008007e36                k_thread_name_get
 .text.z_impl_k_thread_start
                0x0000000008007e3a        0x4 zephyr/kernel/libkernel.a(thread.c.obj)
                0x0000000008007e3a                z_impl_k_thread_start
 .text.z_stack_space_get
                0x0000000008007e3e       0x18 zephyr/kernel/libkernel.a(thread.c.obj)
                0x0000000008007e3e                z_stack_space_get
 .text.z_impl_k_thread_stack_space_get
                0x0000000008007e56        0xa zephyr/kernel/libkernel.a(thread.c.obj)
                0x0000000008007e56                z_impl_k_thread_stack_space_get
 .text.sys_dlist_remove
                0x0000000008007e60       0x10 zephyr/kernel/libkernel.a(sched.c.obj)
 .text.unpend_thread_no_timeout
                0x0000000008007e70       0x14 zephyr/kernel/libkernel.a(sched.c.obj)
 .text.z_sched_prio_cmp
                0x0000000008007e84       0x12 zephyr/kernel/libkernel.a(sched.c.obj)
                0x0000000008007e84                z_sched_prio_cmp
 .text.add_to_waitq_locked
                0x0000000008007e96       0x50 zephyr/kernel/libkernel.a(sched.c.obj)
 .text.z_ready_thread
                0x0000000008007ee6       0x20 zephyr/kernel/libkernel.a(sched.c.obj)
                0x0000000008007ee6                z_ready_thread
 .text.z_impl_k_thread_suspend
                0x0000000008007f06       0x36 zephyr/kernel/libkernel.a(sched.c.obj)
                0x0000000008007f06                z_impl_k_thread_suspend
 .text.z_unpend_thread_no_timeout
                0x0000000008007f3c       0x24 zephyr/kernel/libkernel.a(sched.c.obj)
                0x0000000008007f3c                z_unpend_thread_no_timeout
 .text.z_sched_wake_thread
                0x0000000008007f60       0x44 zephyr/kernel/libkernel.a(sched.c.obj)
                0x0000000008007f60                z_sched_wake_thread
 .text.z_thread_timeout
                0x0000000008007fa4        0x8 zephyr/kernel/libkernel.a(sched.c.obj)
                0x0000000008007fa4                z_thread_timeout
 .text.z_unpend1_no_timeout
                0x0000000008007fac       0x2e zephyr/kernel/libkernel.a(sched.c.obj)
                0x0000000008007fac                z_unpend1_no_timeout
 .text.z_unpend_first_thread
                0x0000000008007fda       0x38 zephyr/kernel/libkernel.a(sched.c.obj)
                0x0000000008007fda                z_unpend_first_thread
 .text.z_unpend_thread
                0x0000000008008012       0x30 zephyr/kernel/libkernel.a(sched.c.obj)
                0x0000000008008012                z_unpend_thread
 .text.z_reschedule_irqlock
                0x0000000008008042       0x18 zephyr/kernel/libkernel.a(sched.c.obj)
                0x0000000008008042                z_reschedule_irqlock
 .text.z_reschedule_unlocked
                0x000000000800805a       0x14 zephyr/kernel/libkernel.a(sched.c.obj)
 .text.z_unpend_all
                0x000000000800806e       0x20 zephyr/kernel/libkernel.a(sched.c.obj)
                0x000000000800806e                z_unpend_all
 .text.z_thread_abort
                0x000000000800808e       0x42 zephyr/kernel/libkernel.a(sched.c.obj)
                0x000000000800808e                z_thread_abort
 .text.z_sched_wake
                0x00000000080080d0       0x48 zephyr/kernel/libkernel.a(sched.c.obj)
                0x00000000080080d0                z_sched_wake
 .text.idle     0x0000000008008118       0x18 zephyr/kernel/libkernel.a(idle.c.obj)
                0x0000000008008118                idle
 .text.adjust_owner_prio.isra.0
                0x0000000008008130       0x10 zephyr/kernel/libkernel.a(mutex.c.obj)
 .text.z_impl_k_mutex_init
                0x0000000008008140        0xe zephyr/kernel/libkernel.a(mutex.c.obj)
                0x0000000008008140                z_impl_k_mutex_init
 .text.queue_insert
                0x000000000800814e       0xce zephyr/kernel/libkernel.a(queue.c.obj)
 .text.z_queue_node_peek
                0x000000000800821c       0x18 zephyr/kernel/libkernel.a(queue.c.obj)
                0x000000000800821c                z_queue_node_peek
 .text.k_queue_append
                0x0000000008008234       0x16 zephyr/kernel/libkernel.a(queue.c.obj)
                0x0000000008008234                k_queue_append
 .text.flag_test_and_clear
                0x000000000800824a       0x16 zephyr/kernel/libkernel.a(work.c.obj)
 .text.notify_queue_locked.isra.0
                0x0000000008008260        0xe zephyr/kernel/libkernel.a(work.c.obj)
 .text.work_timeout
                0x000000000800826e       0x3e zephyr/kernel/libkernel.a(work.c.obj)
 .text.z_work_submit_to_queue
                0x00000000080082ac       0x28 zephyr/kernel/libkernel.a(work.c.obj)
                0x00000000080082ac                z_work_submit_to_queue
 .text.k_work_submit_to_queue
                0x00000000080082d4       0x22 zephyr/kernel/libkernel.a(work.c.obj)
                0x00000000080082d4                k_work_submit_to_queue
 .text.z_abort_timeout
                0x00000000080082f6       0x2c zephyr/kernel/libkernel.a(timeout.c.obj)
                0x00000000080082f6                z_abort_timeout
 .text.sys_clock_tick_get_32
                0x0000000008008322        0x8 zephyr/kernel/libkernel.a(timeout.c.obj)
                0x0000000008008322                sys_clock_tick_get_32
 .text.z_impl_k_uptime_ticks
                0x000000000800832a        0x4 zephyr/kernel/libkernel.a(timeout.c.obj)
                0x000000000800832a                z_impl_k_uptime_ticks
 .text.sys_timepoint_calc
                0x000000000800832e       0x48 zephyr/kernel/libkernel.a(timeout.c.obj)
                0x000000000800832e                sys_timepoint_calc
 .text.sys_timepoint_timeout
                0x0000000008008376       0x42 zephyr/kernel/libkernel.a(timeout.c.obj)
                0x0000000008008376                sys_timepoint_timeout
 .text.z_impl_k_timer_stop
                0x00000000080083b8       0x3a zephyr/kernel/libkernel.a(timer.c.obj)
                0x00000000080083b8                z_impl_k_timer_stop
 .text.clear_event_registrations
                0x00000000080083f2       0x5e zephyr/kernel/libkernel.a(poll.c.obj)
 .text.add_event
                0x0000000008008450       0x62 zephyr/kernel/libkernel.a(poll.c.obj)
 .text.register_events
                0x00000000080084b2       0xee zephyr/kernel/libkernel.a(poll.c.obj)
 .text.signal_poll_event
                0x00000000080085a0       0x8c zephyr/kernel/libkernel.a(poll.c.obj)
 .text.k_poll_event_init
                0x000000000800862c       0x1e zephyr/kernel/libkernel.a(poll.c.obj)
                0x000000000800862c                k_poll_event_init
 .text.z_handle_obj_poll_events
                0x000000000800864a       0x36 zephyr/kernel/libkernel.a(poll.c.obj)
                0x000000000800864a                z_handle_obj_poll_events
 .text.z_impl_k_poll_signal_init
                0x0000000008008680        0xa zephyr/kernel/libkernel.a(poll.c.obj)
                0x0000000008008680                z_impl_k_poll_signal_init
 .text.z_impl_k_poll_signal_reset
                0x000000000800868a        0x6 zephyr/kernel/libkernel.a(poll.c.obj)
                0x000000000800868a                z_impl_k_poll_signal_reset
 .text.z_impl_k_poll_signal_check
                0x0000000008008690        0xa zephyr/kernel/libkernel.a(poll.c.obj)
                0x0000000008008690                z_impl_k_poll_signal_check
 .text.z_heap_aligned_alloc
                0x000000000800869a       0x26 zephyr/kernel/libkernel.a(mempool.c.obj)
 .text.k_free   0x00000000080086c0        0xe zephyr/kernel/libkernel.a(mempool.c.obj)
                0x00000000080086c0                k_free
 .text.k_heap_init
                0x00000000080086ce       0x10 zephyr/kernel/libkernel.a(kheap.c.obj)
                0x00000000080086ce                k_heap_init
 .text.k_heap_aligned_alloc
                0x00000000080086de       0x86 zephyr/kernel/libkernel.a(kheap.c.obj)
                0x00000000080086de                k_heap_aligned_alloc
 .text.k_heap_free
                0x0000000008008764       0x3a zephyr/kernel/libkernel.a(kheap.c.obj)
                0x0000000008008764                k_heap_free
 .text.memcmp   0x000000000800879e       0x20 /home/menta/zephyr-sdk-0.16.4/arm-zephyr-eabi/bin/../lib/gcc/../../picolibc/arm-zephyr-eabi/lib/thumb/v7e-m/nofp/libc.a(libc_string_memcmp.c.o)
                0x000000000800879e                memcmp
 .text.strchr   0x00000000080087be       0x1a /home/menta/zephyr-sdk-0.16.4/arm-zephyr-eabi/bin/../lib/gcc/../../picolibc/arm-zephyr-eabi/lib/thumb/v7e-m/nofp/libc.a(libc_string_strchr.c.o)
                0x00000000080087be                strchr
 .text.strncmp  0x00000000080087d8       0x24 /home/menta/zephyr-sdk-0.16.4/arm-zephyr-eabi/bin/../lib/gcc/../../picolibc/arm-zephyr-eabi/lib/thumb/v7e-m/nofp/libc.a(libc_string_strncmp.c.o)
                0x00000000080087d8                strncmp
 .text.strncpy  0x00000000080087fc       0x20 /home/menta/zephyr-sdk-0.16.4/arm-zephyr-eabi/bin/../lib/gcc/../../picolibc/arm-zephyr-eabi/lib/thumb/v7e-m/nofp/libc.a(libc_string_strncpy.c.o)
                0x00000000080087fc                strncpy
 .text.strnlen  0x000000000800881c       0x18 /home/menta/zephyr-sdk-0.16.4/arm-zephyr-eabi/bin/../lib/gcc/../../picolibc/arm-zephyr-eabi/lib/thumb/v7e-m/nofp/libc.a(libc_string_strnlen.c.o)
                0x000000000800881c                strnlen
 .text.strstr   0x0000000008008834       0x2c /home/menta/zephyr-sdk-0.16.4/arm-zephyr-eabi/bin/../lib/gcc/../../picolibc/arm-zephyr-eabi/lib/thumb/v7e-m/nofp/libc.a(libc_string_strstr.c.o)
                0x0000000008008834                strstr
 .text.__ultoa_invert
                0x0000000008008860       0xae /home/menta/zephyr-sdk-0.16.4/arm-zephyr-eabi/bin/../lib/gcc/../../picolibc/arm-zephyr-eabi/lib/thumb/v7e-m/nofp/libc.a(libc_tinystdio_vflprintf.c.o)
 .text.memcpy   0x000000000800890e       0x1c /home/menta/zephyr-sdk-0.16.4/arm-zephyr-eabi/bin/../lib/gcc/../../picolibc/arm-zephyr-eabi/lib/thumb/v7e-m/nofp/libc.a(memcpy.c.o)
                0x000000000800890e                memcpy
                0x000000000800890e                __aeabi_memcpy
                0x000000000800890e                __aeabi_memcpy4
                0x000000000800890e                __aeabi_memcpy8
 .text.memmove  0x000000000800892a       0x34 /home/menta/zephyr-sdk-0.16.4/arm-zephyr-eabi/bin/../lib/gcc/../../picolibc/arm-zephyr-eabi/lib/thumb/v7e-m/nofp/libc.a(memmove.c.o)
                0x000000000800892a                memmove
                0x000000000800892a                __aeabi_memmove8
                0x000000000800892a                __aeabi_memmove
                0x000000000800892a                __aeabi_memmove4
 .text.memset   0x000000000800895e       0x10 /home/menta/zephyr-sdk-0.16.4/arm-zephyr-eabi/bin/../lib/gcc/../../picolibc/arm-zephyr-eabi/lib/thumb/v7e-m/nofp/libc.a(memset.c.o)
                0x000000000800895e                memset
 .text.__file_str_put
                0x000000000800896e       0x10 /home/menta/zephyr-sdk-0.16.4/arm-zephyr-eabi/bin/../lib/gcc/../../picolibc/arm-zephyr-eabi/lib/thumb/v7e-m/nofp/libc.a(libc_tinystdio_filestrput.c.o)
                0x000000000800896e                __file_str_put
 *(SORT_BY_ALIGNMENT(.TEXT.*))
 *fill*         0x000000000800897e        0x2 
 .TEXT.__aeabi_read_tp
                0x0000000008008980        0xc zephyr/arch/arch/arm/core/cortex_m/libarch__arm__core__cortex_m.a(__aeabi_read_tp.S.obj)
                0x0000000008008980                __aeabi_read_tp
 *(SORT_BY_ALIGNMENT(.gnu.linkonce.t.*))
 *(SORT_BY_ALIGNMENT(.glue_7t))
 .glue_7t       0x000000000800898c        0x0 linker stubs
 *(SORT_BY_ALIGNMENT(.glue_7))
 .glue_7        0x000000000800898c        0x0 linker stubs
 *(SORT_BY_ALIGNMENT(.vfp11_veneer))
 .vfp11_veneer  0x000000000800898c        0x0 linker stubs
 *(SORT_BY_ALIGNMENT(.v4_bx))
 .v4_bx         0x000000000800898c        0x0 linker stubs
                0x000000000800898c                . = ALIGN (0x4)
                0x000000000800898c                __text_region_end = .

.ARM.exidx      0x000000000800898c        0x8
                0x000000000800898c                __exidx_start = .
 *(SORT_BY_ALIGNMENT(.ARM.exidx*) SORT_BY_ALIGNMENT(gnu.linkonce.armexidx.*))
 .ARM.exidx     0x000000000800898c        0x8 /home/menta/zephyr-sdk-0.16.4/arm-zephyr-eabi/bin/../lib/gcc/arm-zephyr-eabi/12.2.0/thumb/v7e-m/nofp/libgcc.a(_udivmoddi4.o)
 .ARM.exidx     0x0000000008008994        0x0 /home/menta/zephyr-sdk-0.16.4/arm-zephyr-eabi/bin/../lib/gcc/../../picolibc/arm-zephyr-eabi/lib/thumb/v7e-m/nofp/libc.a(strcmp.S.o)
                                          0x8 (size before relaxing)
 .ARM.exidx     0x0000000008008994        0x0 /home/menta/zephyr-sdk-0.16.4/arm-zephyr-eabi/bin/../lib/gcc/../../picolibc/arm-zephyr-eabi/lib/thumb/v7e-m/nofp/libc.a(strcpy.S.o)
                                          0x8 (size before relaxing)
 .ARM.exidx     0x0000000008008994        0x0 /home/menta/zephyr-sdk-0.16.4/arm-zephyr-eabi/bin/../lib/gcc/../../picolibc/arm-zephyr-eabi/lib/thumb/v7e-m/nofp/libc.a(strlen.S.o)
                                          0x8 (size before relaxing)
                0x0000000008008994                __exidx_end = .
                0x0000000008008994                __rodata_region_start = .

initlevel       0x0000000008008994       0xa0
                0x0000000008008994                __init_start = .
                0x0000000008008994                __init_EARLY_start = .
 *(SORT_BY_NAME(SORT_BY_ALIGNMENT(.z_init_EARLY?_*)))
 *(SORT_BY_NAME(SORT_BY_ALIGNMENT(.z_init_EARLY??_*)))
                0x0000000008008994                __init_PRE_KERNEL_1_start = .
 *(SORT_BY_NAME(SORT_BY_ALIGNMENT(.z_init_PRE_KERNEL_1?_*)))
 .z_init_PRE_KERNEL_10_0_
                0x0000000008008994        0x8 zephyr/libzephyr.a(soc.c.obj)
 .z_init_PRE_KERNEL_11_00009_
                0x000000000800899c        0x8 zephyr/drivers/clock_control/libdrivers__clock_control.a(clock_stm32_ll_common.c.obj)
 .z_init_PRE_KERNEL_11_0_
                0x00000000080089a4        0x8 zephyr/libzephyr.a(soc_config.c.obj)
 *(SORT_BY_NAME(SORT_BY_ALIGNMENT(.z_init_PRE_KERNEL_1??_*)))
 .z_init_PRE_KERNEL_130_0_
                0x00000000080089ac        0x8 zephyr/kernel/libkernel.a(kheap.c.obj)
 .z_init_PRE_KERNEL_135_00045_
                0x00000000080089b4        0x8 zephyr/drivers/reset/libdrivers__reset.a(reset_stm32.c.obj)
 .z_init_PRE_KERNEL_140_00027_
                0x00000000080089bc        0x8 zephyr/drivers/gpio/libdrivers__gpio.a(gpio_stm32.c.obj)
 .z_init_PRE_KERNEL_140_00039_
                0x00000000080089c4        0x8 zephyr/drivers/gpio/libdrivers__gpio.a(gpio_stm32.c.obj)
 .z_init_PRE_KERNEL_140_00068_
                0x00000000080089cc        0x8 zephyr/drivers/interrupt_controller/libdrivers__interrupt_controller.a(intc_exti_stm32.c.obj)
 .z_init_PRE_KERNEL_140_00093_
                0x00000000080089d4        0x8 zephyr/drivers/gpio/libdrivers__gpio.a(gpio_stm32.c.obj)
 .z_init_PRE_KERNEL_140_00112_
                0x00000000080089dc        0x8 zephyr/drivers/gpio/libdrivers__gpio.a(gpio_stm32.c.obj)
 .z_init_PRE_KERNEL_140_00113_
                0x00000000080089e4        0x8 zephyr/drivers/gpio/libdrivers__gpio.a(gpio_stm32.c.obj)
 .z_init_PRE_KERNEL_140_00114_
                0x00000000080089ec        0x8 zephyr/drivers/gpio/libdrivers__gpio.a(gpio_stm32.c.obj)
 .z_init_PRE_KERNEL_140_00115_
                0x00000000080089f4        0x8 zephyr/drivers/gpio/libdrivers__gpio.a(gpio_stm32.c.obj)
 .z_init_PRE_KERNEL_155_00079_
                0x00000000080089fc        0x8 zephyr/drivers/serial/libdrivers__serial.a(uart_stm32.c.obj)
 .z_init_PRE_KERNEL_155_00082_
                0x0000000008008a04        0x8 zephyr/drivers/serial/libdrivers__serial.a(uart_stm32.c.obj)
 .z_init_PRE_KERNEL_160_0_
                0x0000000008008a0c        0x8 zephyr/drivers/console/libdrivers__console.a(uart_console.c.obj)
                0x0000000008008a14                __init_PRE_KERNEL_2_start = .
 *(SORT_BY_NAME(SORT_BY_ALIGNMENT(.z_init_PRE_KERNEL_2?_*)))
 .z_init_PRE_KERNEL_20_0_
                0x0000000008008a14        0x8 zephyr/drivers/timer/libdrivers__timer.a(cortex_m_systick.c.obj)
 *(SORT_BY_NAME(SORT_BY_ALIGNMENT(.z_init_PRE_KERNEL_2??_*)))
                0x0000000008008a1c                __init_POST_KERNEL_start = .
 *(SORT_BY_NAME(SORT_BY_ALIGNMENT(.z_init_POST_KERNEL?_*)))
 .z_init_POST_KERNEL0_0_
                0x0000000008008a1c        0x8 zephyr/libzephyr.a(shell_uart.c.obj)
 *(SORT_BY_NAME(SORT_BY_ALIGNMENT(.z_init_POST_KERNEL??_*)))
 .z_init_POST_KERNEL40_0_
                0x0000000008008a24        0x8 zephyr/lib/libc/common/liblib__libc__common.a(malloc.c.obj)
 .z_init_POST_KERNEL40_0_
                0x0000000008008a2c        0x8 zephyr/kernel/libkernel.a(system_work_q.c.obj)
                0x0000000008008a34                __init_APPLICATION_start = .
 *(SORT_BY_NAME(SORT_BY_ALIGNMENT(.z_init_APPLICATION?_*)))
 *(SORT_BY_NAME(SORT_BY_ALIGNMENT(.z_init_APPLICATION??_*)))
                0x0000000008008a34                __init_SMP_start = .
 *(SORT_BY_NAME(SORT_BY_ALIGNMENT(.z_init_SMP?_*)))
 *(SORT_BY_NAME(SORT_BY_ALIGNMENT(.z_init_SMP??_*)))
                0x0000000008008a34                __init_end = .

device_area     0x0000000008008a34       0xf0
                0x0000000008008a34                _device_list_start = .
 *(SORT_BY_NAME(SORT_BY_ALIGNMENT(._device.static.*_?_*)))
 ._device.static.1_1_
                0x0000000008008a34       0x14 zephyr/drivers/clock_control/libdrivers__clock_control.a(clock_stm32_ll_common.c.obj)
                0x0000000008008a34                __device_dts_ord_9
 *(SORT_BY_NAME(SORT_BY_ALIGNMENT(._device.static.*_??_*)))
 ._device.static.1_35_
                0x0000000008008a48       0x14 zephyr/drivers/reset/libdrivers__reset.a(reset_stm32.c.obj)
                0x0000000008008a48                __device_dts_ord_45
 ._device.static.1_40_
                0x0000000008008a5c       0x14 zephyr/drivers/interrupt_controller/libdrivers__interrupt_controller.a(intc_exti_stm32.c.obj)
                0x0000000008008a5c                __device_dts_ord_68
 ._device.static.1_40_
                0x0000000008008a70       0x8c zephyr/drivers/gpio/libdrivers__gpio.a(gpio_stm32.c.obj)
                0x0000000008008a70                __device_dts_ord_115
                0x0000000008008a84                __device_dts_ord_114
                0x0000000008008a98                __device_dts_ord_113
                0x0000000008008aac                __device_dts_ord_112
                0x0000000008008ac0                __device_dts_ord_39
                0x0000000008008ad4                __device_dts_ord_93
                0x0000000008008ae8                __device_dts_ord_27
 ._device.static.1_55_
                0x0000000008008afc       0x28 zephyr/drivers/serial/libdrivers__serial.a(uart_stm32.c.obj)
                0x0000000008008afc                __device_dts_ord_79
                0x0000000008008b10                __device_dts_ord_82
                0x0000000008008b24                _device_list_end = .

sw_isr_table    0x0000000008008b24      0x330
                0x0000000008008b24                . = ALIGN (0x4)
 *(SORT_BY_ALIGNMENT(.gnu.linkonce.sw_isr_table*))
 .gnu.linkonce.sw_isr_table
                0x0000000008008b24      0x330 zephyr/CMakeFiles/zephyr_final.dir/isr_tables.c.obj
                0x0000000008008b24                _sw_isr_table

initlevel_error
                0x0000000008008994        0x0
 *(SORT_BY_NAME(SORT_BY_ALIGNMENT(.z_init_[_A-Z0-9]*)))
                0x0000000000000001                ASSERT ((SIZEOF (initlevel_error) == 0x0), Undefined initialization levels used.)

app_shmem_regions
                0x0000000008008e54        0x0
                0x0000000008008e54                __app_shmem_regions_start = .
 *(SORT_BY_NAME(SORT_BY_ALIGNMENT(.app_regions.*)))
                0x0000000008008e54                __app_shmem_regions_end = .

k_p4wq_initparam_area
                0x0000000008008e54        0x0
                0x0000000008008e54                _k_p4wq_initparam_list_start = .
 *(SORT_BY_NAME(SORT_BY_ALIGNMENT(._k_p4wq_initparam.static.*)))
                0x0000000008008e54                _k_p4wq_initparam_list_end = .

_static_thread_data_area
                0x0000000008008e58       0x30
                0x0000000008008e58                __static_thread_data_list_start = .
 *(SORT_BY_NAME(SORT_BY_ALIGNMENT(.__static_thread_data.static.*)))
 .__static_thread_data.static._k_thread_data_keyboard_use_th_
                0x0000000008008e58       0x30 app/libapp.a(main.c.obj)
                0x0000000008008e58                _k_thread_data_keyboard_use_th
                0x0000000008008e88                __static_thread_data_list_end = .

device_deps     0x0000000008008e88        0x0
                0x0000000008008e88                __device_deps_start = .
 *(SORT_BY_NAME(SORT_BY_ALIGNMENT(.__device_deps_pass2*)))
                0x0000000008008e88                __device_deps_end = .

ztest           0x0000000008008e88        0x0
                0x0000000008008e88                _ztest_expected_result_entry_list_start = .
 *(SORT_BY_NAME(SORT_BY_ALIGNMENT(._ztest_expected_result_entry.static.*)))
                0x0000000008008e88                _ztest_expected_result_entry_list_end = .
                0x0000000008008e88                _ztest_suite_node_list_start = .
 *(SORT_BY_NAME(SORT_BY_ALIGNMENT(._ztest_suite_node.static.*)))
                0x0000000008008e88                _ztest_suite_node_list_end = .
                0x0000000008008e88                _ztest_unit_test_list_start = .
 *(SORT_BY_NAME(SORT_BY_ALIGNMENT(._ztest_unit_test.static.*)))
                0x0000000008008e88                _ztest_unit_test_list_end = .
                0x0000000008008e88                _ztest_test_rule_list_start = .
 *(SORT_BY_NAME(SORT_BY_ALIGNMENT(._ztest_test_rule.static.*)))
                0x0000000008008e88                _ztest_test_rule_list_end = .

bt_l2cap_fixed_chan_area
                0x0000000008008e88        0x0
                0x0000000008008e88                _bt_l2cap_fixed_chan_list_start = .
 *(SORT_BY_NAME(SORT_BY_ALIGNMENT(._bt_l2cap_fixed_chan.static.*)))
                0x0000000008008e88                _bt_l2cap_fixed_chan_list_end = .

bt_gatt_service_static_area
                0x0000000008008e88        0x0
                0x0000000008008e88                _bt_gatt_service_static_list_start = .
 *(SORT_BY_NAME(SORT_BY_ALIGNMENT(._bt_gatt_service_static.static.*)))
                0x0000000008008e88                _bt_gatt_service_static_list_end = .

log_strings_area
                0x0000000008008e88        0x0
                0x0000000008008e88                _log_strings_list_start = .
 *(SORT_BY_NAME(SORT_BY_ALIGNMENT(._log_strings.static.*)))
                0x0000000008008e88                _log_strings_list_end = .

log_const_area  0x0000000008008e88        0x0
                0x0000000008008e88                _log_const_list_start = .
 *(SORT_BY_NAME(SORT_BY_ALIGNMENT(._log_const.static.*)))
                0x0000000008008e88                _log_const_list_end = .

log_backend_area
                0x0000000008008e88        0x0
                0x0000000008008e88                _log_backend_list_start = .
 *(SORT_BY_NAME(SORT_BY_ALIGNMENT(._log_backend.static.*)))
                0x0000000008008e88                _log_backend_list_end = .

log_link_area   0x0000000008008e88        0x0
                0x0000000008008e88                _log_link_list_start = .
 *(SORT_BY_NAME(SORT_BY_ALIGNMENT(._log_link.static.*)))
                0x0000000008008e88                _log_link_list_end = .

tracing_backend_area
                0x0000000008008e88        0x0
                0x0000000008008e88                _tracing_backend_list_start = .
 *(SORT_BY_NAME(SORT_BY_ALIGNMENT(._tracing_backend.static.*)))
                0x0000000008008e88                _tracing_backend_list_end = .

zephyr_dbg_info
 *(SORT_BY_ALIGNMENT(.dbg_thread_info))

symbol_to_keep  0x0000000008008e88        0x0
                0x0000000008008e88                __symbol_to_keep_start = .
 *(SORT_BY_NAME(SORT_BY_ALIGNMENT(.symbol_to_keep*)))
                0x0000000008008e88                __symbol_to_keep_end = .

shell_area      0x0000000008008e88       0x2c
                0x0000000008008e88                _shell_list_start = .
 *(SORT_BY_NAME(SORT_BY_ALIGNMENT(._shell.static.*)))
 ._shell.static.shell_uart_
                0x0000000008008e88       0x2c zephyr/libzephyr.a(shell_uart.c.obj)
                0x0000000008008eb4                _shell_list_end = .

shell_root_cmds_area
                0x0000000008008eb4       0x2c
                0x0000000008008eb4                _shell_root_cmds_list_start = .
 *(SORT_BY_NAME(SORT_BY_ALIGNMENT(._shell_root_cmds.static.*)))
 ._shell_root_cmds.static.shell_cmd_clear_
                0x0000000008008eb4        0x4 zephyr/libzephyr.a(shell_cmds.c.obj)
 ._shell_root_cmds.static.shell_cmd_device_
                0x0000000008008eb8        0x4 zephyr/libzephyr.a(device_service.c.obj)
 ._shell_root_cmds.static.shell_cmd_devmem_
                0x0000000008008ebc        0x4 zephyr/libzephyr.a(devmem_service.c.obj)
 ._shell_root_cmds.static.shell_cmd_help_
                0x0000000008008ec0        0x4 zephyr/libzephyr.a(shell.c.obj)
 ._shell_root_cmds.static.shell_cmd_history_
                0x0000000008008ec4        0x4 zephyr/libzephyr.a(shell_cmds.c.obj)
 ._shell_root_cmds.static.shell_cmd_kernel_
                0x0000000008008ec8        0x4 zephyr/libzephyr.a(kernel_service.c.obj)
 ._shell_root_cmds.static.shell_cmd_log_
                0x0000000008008ecc        0x4 app/libapp.a(main.c.obj)
 ._shell_root_cmds.static.shell_cmd_rem_
                0x0000000008008ed0        0x4 zephyr/libzephyr.a(shell_cmds.c.obj)
 ._shell_root_cmds.static.shell_cmd_resize_
                0x0000000008008ed4        0x4 zephyr/libzephyr.a(shell_cmds.c.obj)
 ._shell_root_cmds.static.shell_cmd_retval_
                0x0000000008008ed8        0x4 zephyr/libzephyr.a(shell_cmds.c.obj)
 ._shell_root_cmds.static.shell_cmd_shell_
                0x0000000008008edc        0x4 zephyr/libzephyr.a(shell_cmds.c.obj)
                0x0000000008008ee0                _shell_root_cmds_list_end = .

shell_subcmds_area
                0x0000000008008ee0       0x14
                0x0000000008008ee0                _shell_subcmds_list_start = .
 *(SORT_BY_NAME(SORT_BY_ALIGNMENT(._shell_subcmds.static.*)))
 ._shell_subcmds.static._999_
                0x0000000008008ee0       0x14 zephyr/libzephyr.a(shell_utils.c.obj)
                0x0000000008008ef4                _shell_subcmds_list_end = .

shell_dynamic_subcmds_area
                0x0000000008008ef4        0x0
                0x0000000008008ef4                _shell_dynamic_subcmds_list_start = .
 *(SORT_BY_NAME(SORT_BY_ALIGNMENT(._shell_dynamic_subcmds.static.*)))
                0x0000000008008ef4                _shell_dynamic_subcmds_list_end = .

cfb_font_area   0x0000000008008ef4        0x0
                0x0000000008008ef4                _cfb_font_list_start = .
 *(SORT_BY_NAME(SORT_BY_ALIGNMENT(._cfb_font.static.*)))
                0x0000000008008ef4                _cfb_font_list_end = .

tdata           0x0000000008008ef4        0x0
 *(SORT_BY_ALIGNMENT(.tdata) SORT_BY_ALIGNMENT(.tdata.*) SORT_BY_ALIGNMENT(.gnu.linkonce.td.*))

tbss            0x0000000008008ef4        0x8
 *(SORT_BY_ALIGNMENT(.tbss) SORT_BY_ALIGNMENT(.tbss.*) SORT_BY_ALIGNMENT(.gnu.linkonce.tb.*) SORT_BY_ALIGNMENT(.tcommon))
 .tbss.z_tls_current
                0x0000000008008ef4        0x4 zephyr/libzephyr.a(thread_entry.c.obj)
                0x0000000008008ef4                z_tls_current
 .tbss.errno    0x0000000008008ef8        0x4 /home/menta/zephyr-sdk-0.16.4/arm-zephyr-eabi/bin/../lib/gcc/../../picolibc/arm-zephyr-eabi/lib/thumb/v7e-m/nofp/libc.a(libc_errno_errno.c.o)
                0x0000000008008ef8                errno
                0x0000000008008ef4                PROVIDE (__tdata_start = LOADADDR (tdata))
                0x0000000000000000                PROVIDE (__tdata_size = SIZEOF (tdata))
                [!provide]                        PROVIDE (__tdata_end = (__tdata_start + __tdata_size))
                0x0000000000000001                PROVIDE (__tdata_align = ALIGNOF (tdata))
                [!provide]                        PROVIDE (__tbss_start = ADDR (tbss))